Component: ARM Compiler 5.06 update 6 (build 750) Tool: armlink [4d35ed]

==============================================================================

Section Cross References

    heap_4.o(i.prvHeapInit) refers to heap_4.o(.bss) for ucHeap
    heap_4.o(i.prvHeapInit) refers to heap_4.o(.data) for xStart
    heap_4.o(i.prvInsertBlockIntoFreeList) refers to heap_4.o(.data) for xStart
    heap_4.o(i.pvPortMalloc) refers to tasks.o(i.vTaskSuspendAll) for vTaskSuspendAll
    heap_4.o(i.pvPortMalloc) refers to heap_4.o(i.prvHeapInit) for prvHeapInit
    heap_4.o(i.pvPortMalloc) refers to heap_4.o(i.prvInsertBlockIntoFreeList) for prvInsertBlockIntoFreeList
    heap_4.o(i.pvPortMalloc) refers to tasks.o(i.xTaskResumeAll) for xTaskResumeAll
    heap_4.o(i.pvPortMalloc) refers to heap_4.o(.data) for pxEnd
    heap_4.o(i.vPortFree) refers to tasks.o(i.vTaskSuspendAll) for vTaskSuspendAll
    heap_4.o(i.vPortFree) refers to heap_4.o(i.prvInsertBlockIntoFreeList) for prvInsertBlockIntoFreeList
    heap_4.o(i.vPortFree) refers to tasks.o(i.xTaskResumeAll) for xTaskResumeAll
    heap_4.o(i.vPortFree) refers to heap_4.o(.data) for xBlockAllocatedBit
    heap_4.o(i.xPortGetFreeHeapSize) refers to heap_4.o(.data) for xFreeBytesRemaining
    heap_4.o(i.xPortGetMinimumEverFreeHeapSize) refers to heap_4.o(.data) for xMinimumEverFreeBytesRemaining
    port.o(.emb_text) refers to tasks.o(i.vTaskSwitchContext) for vTaskSwitchContext
    port.o(.emb_text) refers to tasks.o(.data) for pxCurrentTCB
    port.o(i.prvTaskExitError) refers to port.o(.data) for uxCriticalNesting
    port.o(i.pxPortInitialiseStack) refers to port.o(i.prvTaskExitError) for prvTaskExitError
    port.o(i.vPortEndScheduler) refers to port.o(.data) for uxCriticalNesting
    port.o(i.vPortEnterCritical) refers to port.o(.data) for uxCriticalNesting
    port.o(i.vPortExitCritical) refers to port.o(.data) for uxCriticalNesting
    port.o(i.vPortSetupTimerInterrupt) refers to system_stm32l4xx.o(.data) for SystemCoreClock
    port.o(i.vPortSetupTimerInterrupt) refers to port.o(.data) for ulTimerCountsForOneTick
    port.o(i.vPortSuppressTicksAndSleep) refers to tasks.o(i.eTaskConfirmSleepModeStatus) for eTaskConfirmSleepModeStatus
    port.o(i.vPortSuppressTicksAndSleep) refers to main.o(i.PreSleepProcessing) for PreSleepProcessing
    port.o(i.vPortSuppressTicksAndSleep) refers to main.o(i.PostSleepProcessing) for PostSleepProcessing
    port.o(i.vPortSuppressTicksAndSleep) refers to port.o(i.vPortEnterCritical) for vPortEnterCritical
    port.o(i.vPortSuppressTicksAndSleep) refers to tasks.o(i.vTaskStepTick) for vTaskStepTick
    port.o(i.vPortSuppressTicksAndSleep) refers to port.o(i.vPortExitCritical) for vPortExitCritical
    port.o(i.vPortSuppressTicksAndSleep) refers to port.o(.data) for xMaximumPossibleSuppressedTicks
    port.o(i.vPortValidateInterruptPriority) refers to port.o(.emb_text) for vPortGetIPSR
    port.o(i.vPortValidateInterruptPriority) refers to port.o(.data) for ucMaxSysCallPriority
    port.o(i.xPortStartScheduler) refers to port.o(i.vPortSetupTimerInterrupt) for vPortSetupTimerInterrupt
    port.o(i.xPortStartScheduler) refers to port.o(.emb_text) for __asm___6_port_c_39a90d8d__prvEnableVFP
    port.o(i.xPortStartScheduler) refers to port.o(.data) for ucMaxSysCallPriority
    port.o(i.xPortSysTickHandler) refers to tasks.o(i.xTaskIncrementTick) for xTaskIncrementTick
    event_groups.o(i.vEventGroupClearBitsCallback) refers to event_groups.o(i.xEventGroupClearBits) for xEventGroupClearBits
    event_groups.o(i.vEventGroupDelete) refers to tasks.o(i.vTaskSuspendAll) for vTaskSuspendAll
    event_groups.o(i.vEventGroupDelete) refers to tasks.o(i.xTaskRemoveFromUnorderedEventList) for xTaskRemoveFromUnorderedEventList
    event_groups.o(i.vEventGroupDelete) refers to heap_4.o(i.vPortFree) for vPortFree
    event_groups.o(i.vEventGroupDelete) refers to tasks.o(i.xTaskResumeAll) for xTaskResumeAll
    event_groups.o(i.vEventGroupSetBitsCallback) refers to event_groups.o(i.xEventGroupSetBits) for xEventGroupSetBits
    event_groups.o(i.xEventGroupClearBits) refers to port.o(i.vPortEnterCritical) for vPortEnterCritical
    event_groups.o(i.xEventGroupClearBits) refers to port.o(i.vPortExitCritical) for vPortExitCritical
    event_groups.o(i.xEventGroupCreate) refers to heap_4.o(i.pvPortMalloc) for pvPortMalloc
    event_groups.o(i.xEventGroupCreate) refers to list.o(i.vListInitialise) for vListInitialise
    event_groups.o(i.xEventGroupSetBits) refers to tasks.o(i.vTaskSuspendAll) for vTaskSuspendAll
    event_groups.o(i.xEventGroupSetBits) refers to tasks.o(i.xTaskRemoveFromUnorderedEventList) for xTaskRemoveFromUnorderedEventList
    event_groups.o(i.xEventGroupSetBits) refers to tasks.o(i.xTaskResumeAll) for xTaskResumeAll
    event_groups.o(i.xEventGroupSync) refers to tasks.o(i.xTaskGetSchedulerState) for xTaskGetSchedulerState
[...]
    0x08005068   0x08005068   0x00000002   Code   RO         3097    i.HAL_RTCEx_AlarmBEventCallback  stm32l4xx_hal_rtc_ex.o
    0x0800506a   0x0800506a   0x00000012   Code   RO         3098    i.HAL_RTCEx_BKUPRead  stm32l4xx_hal_rtc_ex.o
    0x0800507c   0x0800507c   0x00000012   Code   RO         3099    i.HAL_RTCEx_BKUPWrite  stm32l4xx_hal_rtc_ex.o
    0x0800508e   0x0800508e   0x000000b0   Code   RO         3119    i.HAL_RTCEx_SetSmoothCalib  stm32l4xx_hal_rtc_ex.o
    0x0800513e   0x0800513e   0x00000002   Code   RO         2959    i.HAL_RTC_AlarmAEventCallback  stm32l4xx_hal_rtc.o
    0x08005140   0x08005140   0x0000009c   Code   RO         2960    i.HAL_RTC_AlarmIRQHandler  stm32l4xx_hal_rtc.o
    0x080051dc   0x080051dc   0x0000004c   Code   RO         2964    i.HAL_RTC_GetDate   stm32l4xx_hal_rtc.o
    0x08005228   0x08005228   0x00000060   Code   RO         2966    i.HAL_RTC_GetTime   stm32l4xx_hal_rtc.o
    0x08005288   0x08005288   0x000000e8   Code   RO         2967    i.HAL_RTC_Init      stm32l4xx_hal_rtc.o
    0x08005370   0x08005370   0x00000048   Code   RO         5831    i.HAL_RTC_MspInit   rtc.o
    0x080053b8   0x080053b8   0x0000023c   Code   RO         2972    i.HAL_RTC_SetAlarm_IT  stm32l4xx_hal_rtc.o
    0x080055f4   0x080055f4   0x00000124   Code   RO         2973    i.HAL_RTC_SetDate   stm32l4xx_hal_rtc.o
    0x08005718   0x08005718   0x00000148   Code   RO         2974    i.HAL_RTC_SetTime   stm32l4xx_hal_rtc.o
    0x08005860   0x08005860   0x0000003a   Code   RO         2975    i.HAL_RTC_WaitForSynchro  stm32l4xx_hal_rtc.o
    0x0800589a   0x0800589a   0x00000012   Code   RO         3744    i.HAL_ResumeTick    stm32l4xx_hal.o
    0x080058ac   0x080058ac   0x00000002   Code   RO         3344    i.HAL_SPI_ErrorCallback  stm32l4xx_hal_spi.o
    0x080058ae   0x080058ae   0x00000008   Code   RO         3346    i.HAL_SPI_GetState  stm32l4xx_hal_spi.o
    0x080058b6   0x080058b6   0x000000c0   Code   RO         3348    i.HAL_SPI_Init      stm32l4xx_hal_spi.o
    0x08005976   0x08005976   0x00000002   PAD
    0x08005978   0x08005978   0x000001ac   Code   RO         5874    i.HAL_SPI_MspInit   spi.o
    0x08005b24   0x08005b24   0x0000018e   Code   RO         3351    i.HAL_SPI_Receive   stm32l4xx_hal_spi.o
    0x08005cb2   0x08005cb2   0x00000002   PAD
    0x08005cb4   0x08005cb4   0x00000180   Code   RO         3352    i.HAL_SPI_Receive_DMA  stm32l4xx_hal_spi.o
    0x08005e34   0x08005e34   0x00000002   Code   RO         3354    i.HAL_SPI_RxCpltCallback  stm32l4xx_hal_spi.o
    0x08005e36   0x08005e36   0x00000002   Code   RO         3355    i.HAL_SPI_RxHalfCpltCallback  stm32l4xx_hal_spi.o
    0x08005e38   0x08005e38   0x000001b8   Code   RO         3356    i.HAL_SPI_Transmit  stm32l4xx_hal_spi.o
    0x08005ff0   0x08005ff0   0x0000028e   Code   RO         3357    i.HAL_SPI_TransmitReceive  stm32l4xx_hal_spi.o
    0x0800627e   0x0800627e   0x00000002   PAD
    0x08006280   0x08006280   0x00000208   Code   RO         3358    i.HAL_SPI_TransmitReceive_DMA  stm32l4xx_hal_spi.o
    0x08006488   0x08006488   0x00000002   Code   RO         3364    i.HAL_SPI_TxRxCpltCallback  stm32l4xx_hal_spi.o
    0x0800648a   0x0800648a   0x00000002   Code   RO         3365    i.HAL_SPI_TxRxHalfCpltCallback  stm32l4xx_hal_spi.o
    0x0800648c   0x0800648c   0x00000028   Code   RO         4971    i.HAL_SYSTICK_CLKSourceConfig  stm32l4xx_hal_cortex.o
    0x080064b4   0x080064b4   0x00000034   Code   RO         4973    i.HAL_SYSTICK_Config  stm32l4xx_hal_cortex.o
    0x080064e8   0x080064e8   0x00000012   Code   RO         3755    i.HAL_SuspendTick   stm32l4xx_hal.o
    0x080064fa   0x080064fa   0x00000002   Code   RO         2905    i.HAL_UARTEx_WakeupCallback  stm32l4xx_hal_uart_ex.o
    0x080064fc   0x080064fc   0x00000002   Code   RO         2561    i.HAL_UART_ErrorCallback  stm32l4xx_hal_uart.o
    0x080064fe   0x080064fe   0x00000002   PAD
    0x08006500   0x08006500   0x00000198   Code   RO         2564    i.HAL_UART_IRQHandler  stm32l4xx_hal_uart.o
    0x08006698   0x08006698   0x00000078   Code   RO         2565    i.HAL_UART_Init     stm32l4xx_hal_uart.o
    0x08006710   0x08006710   0x00000068   Code   RO         5789    i.HAL_UART_MspInit  usart.o
    0x08006778   0x08006778   0x000000c8   Code   RO         2573    i.HAL_UART_Transmit  stm32l4xx_hal_uart.o
    0x08006840   0x08006840   0x00000002   Code   RO         2576    i.HAL_UART_TxCpltCallback  stm32l4xx_hal_uart.o
    0x08006842   0x08006842   0x00000028   Code   RO         2080    i.I2C_Flush_TXDR    stm32l4xx_hal_i2c.o
    0x0800686a   0x0800686a   0x00000002   PAD
    0x0800686c   0x0800686c   0x0000008c   Code   RO         2088    i.I2C_IsAcknowledgeFailed  stm32l4xx_hal_i2c.o
    0x080068f8   0x080068f8   0x00000090   Code   RO         2091    i.I2C_RequestMemoryRead  stm32l4xx_hal_i2c.o
    0x08006988   0x08006988   0x00000090   Code   RO         2092    i.I2C_RequestMemoryWrite  stm32l4xx_hal_i2c.o
    0x08006a18   0x08006a18   0x00000034   Code   RO         2095    i.I2C_TransferConfig  stm32l4xx_hal_i2c.o
    0x08006a4c   0x08006a4c   0x00000056   Code   RO         2096    i.I2C_WaitOnFlagUntilTimeout  stm32l4xx_hal_i2c.o
    0x08006aa2   0x08006aa2   0x00000002   PAD
    0x08006aa4   0x08006aa4   0x000000a0   Code   RO         2097    i.I2C_WaitOnRXNEFlagUntilTimeout  stm32l4xx_hal_i2c.o
    0x08006b44   0x08006b44   0x00000056   Code   RO         2098    i.I2C_WaitOnSTOPFlagUntilTimeout  stm32l4xx_hal_i2c.o
    0x08006b9a   0x08006b9a   0x0000005a   Code   RO         2099    i.I2C_WaitOnTXISFlagUntilTimeout  stm32l4xx_hal_i2c.o
    0x08006bf4   0x08006bf4   0x00000050   Code   RO         9110    i.IWDG_checkOverFlow  miwdg.o
    0x08006c44   0x08006c44   0x0000005c   Code   RO         9111    i.IWDG_initWDG      miwdg.o
    0x08006ca0   0x08006ca0   0x0000001c   Code   RO         9112    i.IWDG_refreshWDG   miwdg.o
    0x08006cbc   0x08006cbc   0x00000016   Code   RO         9113    i.IWDG_startWDG     miwdg.o
    0x08006cd2   0x08006cd2   0x00000002   PAD
    0x08006cd4   0x08006cd4   0x00000010   Code   RO         1500    i.LL_ADC_Enable     stm32l4xx_hal_adc.o
    0x08006ce4   0x08006ce4   0x0000000a   Code   RO         1501    i.LL_ADC_GetCommonPathInternalCh  stm32l4xx_hal_adc.o
    0x08006cee   0x08006cee   0x00000012   Code   RO         1502    i.LL_ADC_GetOffsetChannel  stm32l4xx_hal_adc.o
    0x08006d00   0x08006d00   0x0000000a   Code   RO         1503    i.LL_ADC_IsInternalRegulatorEnabled  stm32l4xx_hal_adc.o
    0x08006d0a   0x08006d0a   0x0000000a   Code   RO         1504    i.LL_ADC_REG_IsConversionOngoing  stm32l4xx_hal_adc.o
    0x08006d14   0x08006d14   0x00000010   Code   RO         1505    i.LL_ADC_REG_StartConversion  stm32l4xx_hal_adc.o
    0x08006d24   0x08006d24   0x00000052   Code   RO         1507    i.LL_ADC_SetChannelSamplingTime  stm32l4xx_hal_adc.o
    0x08006d76   0x08006d76   0x0000000c   Code   RO         1508    i.LL_ADC_SetCommonPathInternalCh  stm32l4xx_hal_adc.o
    0x08006d82   0x08006d82   0x00000016   Code   RO         1509    i.LL_ADC_SetOffsetState  stm32l4xx_hal_adc.o
    0x08006d98   0x08006d98   0x0000000c   Code   RO         1510    i.LL_ADC_SetSamplingTimeCommonConfig  stm32l4xx_hal_adc.o
    0x08006da4   0x08006da4   0x00000038   Code   RO         9288    i.LOG_Error         log.o
    0x08006ddc   0x08006ddc   0x00000034   Code   RO         9289    i.LOG_NodeError     log.o
    0x08006e10   0x08006e10   0x00000010   Code   RO         5931    i.LPUART1_IRQHandler  stm32l4xx_it.o
    0x08006e20   0x08006e20   0x00000016   Code   RO         8448    i.LSM6DSM_ACC_GYRO_Disable_FIFO_stream  lsm6dsm_acc_gyro_driver_fifo.o
    0x08006e36   0x08006e36   0x000000dc   Code   RO         8449    i.LSM6DSM_ACC_GYRO_Enable_FIFO_stream  lsm6dsm_acc_gyro_driver_fifo.o
    0x08006f12   0x08006f12   0x00000044   Code   RO         6609    i.LSM6DSM_ACC_GYRO_GetRawAccData  lsm6dsm_acc_gyro_driver.o
    0x08006f56   0x08006f56   0x00000044   Code   RO         6610    i.LSM6DSM_ACC_GYRO_GetRawGyroData  lsm6dsm_acc_gyro_driver.o
    0x08006f9a   0x08006f9a   0x00000044   Code   RO         6611    i.LSM6DSM_ACC_GYRO_Get_GetFIFOData  lsm6dsm_acc_gyro_driver.o
    0x08006fde   0x08006fde   0x0000002e   Code   RO         8450    i.LSM6DSM_ACC_GYRO_Get_GetFIFOnData  lsm6dsm_acc_gyro_driver_fifo.o
    0x0800700c   0x0800700c   0x00000044   Code   RO         6612    i.LSM6DSM_ACC_GYRO_Get_GetStepCounter  lsm6dsm_acc_gyro_driver.o
    0x08007050   0x08007050   0x00000022   Code   RO         6658    i.LSM6DSM_ACC_GYRO_R_FIFOFull  lsm6dsm_acc_gyro_driver.o
    0x08007072   0x08007072   0x0000005a   Code   RO         6659    i.LSM6DSM_ACC_GYRO_R_FIFONumOfEntries  lsm6dsm_acc_gyro_driver.o
    0x080070cc   0x080070cc   0x0000005a   Code   RO         6660    i.LSM6DSM_ACC_GYRO_R_FIFOPattern  lsm6dsm_acc_gyro_driver.o
    0x08007126   0x08007126   0x00000022   Code   RO         6666    i.LSM6DSM_ACC_GYRO_R_FS_125  lsm6dsm_acc_gyro_driver.o
    0x08007148   0x08007148   0x00000022   Code   RO         6667    i.LSM6DSM_ACC_GYRO_R_FS_G  lsm6dsm_acc_gyro_driver.o
    0x0800716a   0x0800716a   0x00000022   Code   RO         6668    i.LSM6DSM_ACC_GYRO_R_FS_XL  lsm6dsm_acc_gyro_driver.o
    0x0800718c   0x0800718c   0x00000022   Code   RO         6672    i.LSM6DSM_ACC_GYRO_R_GDA  lsm6dsm_acc_gyro_driver.o
    0x080071ae   0x080071ae   0x00000022   Code   RO         6697    i.LSM6DSM_ACC_GYRO_R_ODR_G  lsm6dsm_acc_gyro_driver.o
    0x080071d0   0x080071d0   0x00000022   Code   RO         6698    i.LSM6DSM_ACC_GYRO_R_ODR_XL  lsm6dsm_acc_gyro_driver.o
    0x080071f2   0x080071f2   0x00000022   Code   RO         6704    i.LSM6DSM_ACC_GYRO_R_PEDO_EV_STATUS  lsm6dsm_acc_gyro_driver.o
    0x08007214   0x08007214   0x00000022   Code   RO         6748    i.LSM6DSM_ACC_GYRO_R_TDA  lsm6dsm_acc_gyro_driver.o
    0x08007236   0x08007236   0x00000022   Code   RO         6750    i.LSM6DSM_ACC_GYRO_R_TILT_EV_STATUS  lsm6dsm_acc_gyro_driver.o
    0x08007258   0x08007258   0x00000022   Code   RO         6762    i.LSM6DSM_ACC_GYRO_R_WHO_AM_I  lsm6dsm_acc_gyro_driver.o
    0x0800727a   0x0800727a   0x00000022   Code   RO         6766    i.LSM6DSM_ACC_GYRO_R_WU_EV_STATUS  lsm6dsm_acc_gyro_driver.o
    0x0800729c   0x0800729c   0x00000022   Code   RO         6768    i.LSM6DSM_ACC_GYRO_R_XLDA  lsm6dsm_acc_gyro_driver.o
    0x080072be   0x080072be   0x00000024   Code   RO         6775    i.LSM6DSM_ACC_GYRO_ReadMem  lsm6dsm_acc_gyro_driver.o
    0x080072e2   0x080072e2   0x0000001e   Code   RO         6776    i.LSM6DSM_ACC_GYRO_ReadReg  lsm6dsm_acc_gyro_driver.o
    0x08007300   0x08007300   0x0000003e   Code   RO         6782    i.LSM6DSM_ACC_GYRO_W_6DEvOnInt1  lsm6dsm_acc_gyro_driver.o
    0x0800733e   0x0800733e   0x0000003e   Code   RO         6783    i.LSM6DSM_ACC_GYRO_W_6DEvOnInt2  lsm6dsm_acc_gyro_driver.o
    0x0800737c   0x0800737c   0x0000003e   Code   RO         6784    i.LSM6DSM_ACC_GYRO_W_BASIC_INT  lsm6dsm_acc_gyro_driver.o
    0x080073ba   0x080073ba   0x0000003e   Code   RO         6785    i.LSM6DSM_ACC_GYRO_W_BDU  lsm6dsm_acc_gyro_driver.o
    0x080073f8   0x080073f8   0x0000003e   Code   RO         6794    i.LSM6DSM_ACC_GYRO_W_DEC_FIFO_DS3  lsm6dsm_acc_gyro_driver.o
    0x08007436   0x08007436   0x0000003e   Code   RO         6795    i.LSM6DSM_ACC_GYRO_W_DEC_FIFO_DS4  lsm6dsm_acc_gyro_driver.o
    0x08007474   0x08007474   0x0000003e   Code   RO         6796    i.LSM6DSM_ACC_GYRO_W_DEC_FIFO_G  lsm6dsm_acc_gyro_driver.o
    0x080074b2   0x080074b2   0x0000003e   Code   RO         6798    i.LSM6DSM_ACC_GYRO_W_DEC_FIFO_XL  lsm6dsm_acc_gyro_driver.o
    0x080074f0   0x080074f0   0x00000046   Code   RO         6811    i.LSM6DSM_ACC_GYRO_W_DUR  lsm6dsm_acc_gyro_driver.o
    0x08007536   0x08007536   0x0000003e   Code   RO         6812    i.LSM6DSM_ACC_GYRO_W_EmbeddedAccess  lsm6dsm_acc_gyro_driver.o
    0x08007574   0x08007574   0x0000003e   Code   RO         6814    i.LSM6DSM_ACC_GYRO_W_FFEvOnInt1  lsm6dsm_acc_gyro_driver.o
    0x080075b2   0x080075b2   0x0000003e   Code   RO         6815    i.LSM6DSM_ACC_GYRO_W_FFEvOnInt2  lsm6dsm_acc_gyro_driver.o
    0x080075f0   0x080075f0   0x00000088   Code   RO         6816    i.LSM6DSM_ACC_GYRO_W_FF_Duration  lsm6dsm_acc_gyro_driver.o
    0x08007678   0x08007678   0x0000003e   Code   RO         6817    i.LSM6DSM_ACC_GYRO_W_FF_THS  lsm6dsm_acc_gyro_driver.o
    0x080076b6   0x080076b6   0x0000003e   Code   RO         6818    i.LSM6DSM_ACC_GYRO_W_FIFO_MODE  lsm6dsm_acc_gyro_driver.o
    0x080076f4   0x080076f4   0x0000003e   Code   RO         6819    i.LSM6DSM_ACC_GYRO_W_FIFO_TEMP  lsm6dsm_acc_gyro_driver.o
    0x08007732   0x08007732   0x0000003e   Code   RO         6821    i.LSM6DSM_ACC_GYRO_W_FIFO_TSHLD_on_INT2  lsm6dsm_acc_gyro_driver.o
    0x08007770   0x08007770   0x0000007a   Code   RO         6822    i.LSM6DSM_ACC_GYRO_W_FIFO_Watermark  lsm6dsm_acc_gyro_driver.o
    0x080077ea   0x080077ea   0x0000003e   Code   RO         6823    i.LSM6DSM_ACC_GYRO_W_FS_125  lsm6dsm_acc_gyro_driver.o
    0x08007828   0x08007828   0x0000003e   Code   RO         6824    i.LSM6DSM_ACC_GYRO_W_FS_G  lsm6dsm_acc_gyro_driver.o
    0x08007866   0x08007866   0x0000003e   Code   RO         6825    i.LSM6DSM_ACC_GYRO_W_FS_XL  lsm6dsm_acc_gyro_driver.o
    0x080078a4   0x080078a4   0x0000003e   Code   RO         6828    i.LSM6DSM_ACC_GYRO_W_FUNC_EN  lsm6dsm_acc_gyro_driver.o
    0x080078e2   0x080078e2   0x0000003e   Code   RO         6830    i.LSM6DSM_ACC_GYRO_W_HPCF_XL  lsm6dsm_acc_gyro_driver.o
    0x08007920   0x08007920   0x0000003e   Code   RO         6834    i.LSM6DSM_ACC_GYRO_W_HP_SLOPE_XL  lsm6dsm_acc_gyro_driver.o
    0x0800795e   0x0800795e   0x0000003e   Code   RO         6836    i.LSM6DSM_ACC_GYRO_W_I2C_DISABLE  lsm6dsm_acc_gyro_driver.o
    0x0800799c   0x0800799c   0x0000003e   Code   RO         6838    i.LSM6DSM_ACC_GYRO_W_IF_Addr_Incr  lsm6dsm_acc_gyro_driver.o
    0x080079da   0x080079da   0x0000003e   Code   RO         6841    i.LSM6DSM_ACC_GYRO_W_InComposit  lsm6dsm_acc_gyro_driver.o
    0x08007a18   0x08007a18   0x0000003e   Code   RO         6843    i.LSM6DSM_ACC_GYRO_W_LIR  lsm6dsm_acc_gyro_driver.o
    0x08007a56   0x08007a56   0x0000003e   Code   RO         6848    i.LSM6DSM_ACC_GYRO_W_LowPassFiltSel_XL  lsm6dsm_acc_gyro_driver.o
    0x08007a94   0x08007a94   0x0000003e   Code   RO         6849    i.LSM6DSM_ACC_GYRO_W_LowPower_XL  lsm6dsm_acc_gyro_driver.o
    0x08007ad2   0x08007ad2   0x0000003e   Code   RO         6851    i.LSM6DSM_ACC_GYRO_W_ODR_FIFO  lsm6dsm_acc_gyro_driver.o
    0x08007b10   0x08007b10   0x0000003e   Code   RO         6852    i.LSM6DSM_ACC_GYRO_W_ODR_G  lsm6dsm_acc_gyro_driver.o
    0x08007b4e   0x08007b4e   0x0000003e   Code   RO         6853    i.LSM6DSM_ACC_GYRO_W_ODR_XL  lsm6dsm_acc_gyro_driver.o
    0x08007b8c   0x08007b8c   0x0000003e   Code   RO         6857    i.LSM6DSM_ACC_GYRO_W_PEDO  lsm6dsm_acc_gyro_driver.o
    0x08007bca   0x08007bca   0x0000003e   Code   RO         6860    i.LSM6DSM_ACC_GYRO_W_PedoStepReset  lsm6dsm_acc_gyro_driver.o
    0x08007c08   0x08007c08   0x0000005e   Code   RO         6861    i.LSM6DSM_ACC_GYRO_W_PedoThreshold  lsm6dsm_acc_gyro_driver.o
    0x08007c66   0x08007c66   0x00000046   Code   RO         6862    i.LSM6DSM_ACC_GYRO_W_QUIET_Duration  lsm6dsm_acc_gyro_driver.o
    0x08007cac   0x08007cac   0x00000044   Code   RO         6865    i.LSM6DSM_ACC_GYRO_W_SHOCK_Duration  lsm6dsm_acc_gyro_driver.o
    0x08007cf0   0x08007cf0   0x0000003e   Code   RO         6867    i.LSM6DSM_ACC_GYRO_W_SINGLE_DOUBLE_TAP_EV  lsm6dsm_acc_gyro_driver.o
    0x08007d2e   0x08007d2e   0x0000003e   Code   RO         6868    i.LSM6DSM_ACC_GYRO_W_SIXD_THS  lsm6dsm_acc_gyro_driver.o
    0x08007d6c   0x08007d6c   0x0000003e   Code   RO         6874    i.LSM6DSM_ACC_GYRO_W_STEP_DELTA_on_INT2  lsm6dsm_acc_gyro_driver.o
    0x08007daa   0x08007daa   0x0000003e   Code   RO         6876    i.LSM6DSM_ACC_GYRO_W_STOP_ON_FTH  lsm6dsm_acc_gyro_driver.o
    0x08007de8   0x08007de8   0x0000003e   Code   RO         6883    i.LSM6DSM_ACC_GYRO_W_SingleTapOnInt1  lsm6dsm_acc_gyro_driver.o
    0x08007e26   0x08007e26   0x0000003e   Code   RO         6884    i.LSM6DSM_ACC_GYRO_W_SingleTapOnInt2  lsm6dsm_acc_gyro_driver.o
    0x08007e64   0x08007e64   0x00000044   Code   RO         6889    i.LSM6DSM_ACC_GYRO_W_TAP_THS  lsm6dsm_acc_gyro_driver.o
    0x08007ea8   0x08007ea8   0x0000003e   Code   RO         6890    i.LSM6DSM_ACC_GYRO_W_TAP_X_EN  lsm6dsm_acc_gyro_driver.o
    0x08007ee6   0x08007ee6   0x0000003e   Code   RO         6891    i.LSM6DSM_ACC_GYRO_W_TAP_Y_EN  lsm6dsm_acc_gyro_driver.o
    0x08007f24   0x08007f24   0x0000003e   Code   RO         6892    i.LSM6DSM_ACC_GYRO_W_TAP_Z_EN  lsm6dsm_acc_gyro_driver.o
    0x08007f62   0x08007f62   0x0000003e   Code   RO         6893    i.LSM6DSM_ACC_GYRO_W_TILT  lsm6dsm_acc_gyro_driver.o
    0x08007fa0   0x08007fa0   0x0000003e   Code   RO         6896    i.LSM6DSM_ACC_GYRO_W_TIM_PEDO_FIFO_En  lsm6dsm_acc_gyro_driver.o
    0x08007fde   0x08007fde   0x0000003e   Code   RO         6897    i.LSM6DSM_ACC_GYRO_W_TIM_PEDO_FIFO_Write_En  lsm6dsm_acc_gyro_driver.o
    0x0800801c   0x0800801c   0x0000003e   Code   RO         6898    i.LSM6DSM_ACC_GYRO_W_TapEvOnInt1  lsm6dsm_acc_gyro_driver.o
    0x0800805a   0x0800805a   0x0000003e   Code   RO         6899    i.LSM6DSM_ACC_GYRO_W_TapEvOnInt2  lsm6dsm_acc_gyro_driver.o
    0x08008098   0x08008098   0x0000003e   Code   RO         6900    i.LSM6DSM_ACC_GYRO_W_TiltEvOnInt1  lsm6dsm_acc_gyro_driver.o
    0x080080d6   0x080080d6   0x0000003e   Code   RO         6901    i.LSM6DSM_ACC_GYRO_W_TiltEvOnInt2  lsm6dsm_acc_gyro_driver.o
    0x08008114   0x08008114   0x00000046   Code   RO         6904    i.LSM6DSM_ACC_GYRO_W_WAKE_DUR  lsm6dsm_acc_gyro_driver.o
    0x0800815a   0x0800815a   0x00000044   Code   RO         6905    i.LSM6DSM_ACC_GYRO_W_WK_THS  lsm6dsm_acc_gyro_driver.o
    0x0800819e   0x0800819e   0x0000003e   Code   RO         6906    i.LSM6DSM_ACC_GYRO_W_WUEvOnInt1  lsm6dsm_acc_gyro_driver.o
    0x080081dc   0x080081dc   0x0000003e   Code   RO         6907    i.LSM6DSM_ACC_GYRO_W_WUEvOnInt2  lsm6dsm_acc_gyro_driver.o
    0x0800821a   0x0800821a   0x0000001c   Code   RO         6909    i.LSM6DSM_ACC_GYRO_WriteReg  lsm6dsm_acc_gyro_driver.o
    0x08008236   0x08008236   0x00000028   Code   RO         8483    i.LSM6DSM_Check_WhoAmI  lsm6dsm_acc_gyro_driver_hl.o
    0x0800825e   0x0800825e   0x0000000c   Code   RO         8484    i.LSM6DSM_G_Check_WhoAmI  lsm6dsm_acc_gyro_driver_hl.o
    0x0800826a   0x0800826a   0x00000002   PAD
    0x0800826c   0x0800826c   0x0000003c   Code   RO         8485    i.LSM6DSM_G_DeInit  lsm6dsm_acc_gyro_driver_hl.o
    0x080082a8   0x080082a8   0x00000088   Code   RO         8486    i.LSM6DSM_G_Get_Axes  lsm6dsm_acc_gyro_driver_hl.o
    0x08008330   0x08008330   0x0000002a   Code   RO         8487    i.LSM6DSM_G_Get_AxesRaw  lsm6dsm_acc_gyro_driver_hl.o
    0x0800835a   0x0800835a   0x0000004e   Code   RO         8488    i.LSM6DSM_G_Get_Axes_Raw  lsm6dsm_acc_gyro_driver_hl.o
    0x080083a8   0x080083a8   0x00000034   Code   RO         8489    i.LSM6DSM_G_Get_DRDY_Status  lsm6dsm_acc_gyro_driver_hl.o
    0x080083dc   0x080083dc   0x00000098   Code   RO         8490    i.LSM6DSM_G_Get_FS  lsm6dsm_acc_gyro_driver_hl.o
    0x08008474   0x08008474   0x000000dc   Code   RO         8491    i.LSM6DSM_G_Get_ODR  lsm6dsm_acc_gyro_driver_hl.o
    0x08008550   0x08008550   0x00000098   Code   RO         8492    i.LSM6DSM_G_Get_Sensitivity  lsm6dsm_acc_gyro_driver_hl.o
    0x080085e8   0x080085e8   0x00000010   Code   RO         8493    i.LSM6DSM_G_Get_WhoAmI  lsm6dsm_acc_gyro_driver_hl.o
    0x080085f8   0x080085f8   0x00000078   Code   RO         8494    i.LSM6DSM_G_Init    lsm6dsm_acc_gyro_driver_hl.o
    0x08008670   0x08008670   0x0000001c   Code   RO         8495    i.LSM6DSM_G_Read_Reg  lsm6dsm_acc_gyro_driver_hl.o
    0x0800868c   0x0800868c   0x00000034   Code   RO         8496    i.LSM6DSM_G_Sensor_Disable  lsm6dsm_acc_gyro_driver_hl.o
    0x080086c0   0x080086c0   0x0000002e   Code   RO         8497    i.LSM6DSM_G_Sensor_Enable  lsm6dsm_acc_gyro_driver_hl.o
    0x080086ee   0x080086ee   0x00000036   Code   RO         8498    i.LSM6DSM_G_Set_FS  lsm6dsm_acc_gyro_driver_hl.o
    0x08008724   0x08008724   0x00000098   Code   RO         8499    i.LSM6DSM_G_Set_FS_Value  lsm6dsm_acc_gyro_driver_hl.o
    0x080087bc   0x080087bc   0x0000002c   Code   RO         8500    i.LSM6DSM_G_Set_ODR  lsm6dsm_acc_gyro_driver_hl.o
    0x080087e8   0x080087e8   0x0000003a   Code   RO         8501    i.LSM6DSM_G_Set_ODR_Value  lsm6dsm_acc_gyro_driver_hl.o
    0x08008822   0x08008822   0x00000002   PAD
    0x08008824   0x08008824   0x000000e8   Code   RO         8502    i.LSM6DSM_G_Set_ODR_Value_When_Disabled  lsm6dsm_acc_gyro_driver_hl.o
    0x0800890c   0x0800890c   0x000000e4   Code   RO         8503    i.LSM6DSM_G_Set_ODR_Value_When_Enabled  lsm6dsm_acc_gyro_driver_hl.o
    0x080089f0   0x080089f0   0x0000005c   Code   RO         8504    i.LSM6DSM_G_Set_ODR_When_Disabled  lsm6dsm_acc_gyro_driver_hl.o
    0x08008a4c   0x08008a4c   0x00000040   Code   RO         8505    i.LSM6DSM_G_Set_ODR_When_Enabled  lsm6dsm_acc_gyro_driver_hl.o
    0x08008a8c   0x08008a8c   0x0000001c   Code   RO         8506    i.LSM6DSM_G_Write_Reg  lsm6dsm_acc_gyro_driver_hl.o
    0x08008aa8   0x08008aa8   0x00000018   Code   RO         8507    i.LSM6DSM_Get_WhoAmI  lsm6dsm_acc_gyro_driver_hl.o
    0x08008ac0   0x08008ac0   0x00000058   Code   RO         6504    i.LSM6DSM_Sensor_IO_ITConfig  cowlar-node-v8.o
    0x08008b18   0x08008b18   0x0000000c   Code   RO         8508    i.LSM6DSM_X_Check_WhoAmI  lsm6dsm_acc_gyro_driver_hl.o
    0x08008b24   0x08008b24   0x00000090   Code   RO         8509    i.LSM6DSM_X_DeInit  lsm6dsm_acc_gyro_driver_hl.o
    0x08008bb4   0x08008bb4   0x00000040   Code   RO         8510    i.LSM6DSM_X_Disable_6D_Orientation  lsm6dsm_acc_gyro_driver_hl.o
    0x08008bf4   0x08008bf4   0x000000a2   Code   RO         8511    i.LSM6DSM_X_Disable_Double_Tap_Detection  lsm6dsm_acc_gyro_driver_hl.o
    0x08008c96   0x08008c96   0x0000004e   Code   RO         8512    i.LSM6DSM_X_Disable_Free_Fall_Detection  lsm6dsm_acc_gyro_driver_hl.o
    0x08008ce4   0x08008ce4   0x00000040   Code   RO         8513    i.LSM6DSM_X_Disable_Pedometer  lsm6dsm_acc_gyro_driver_hl.o
    0x08008d24   0x08008d24   0x00000086   Code   RO         8514    i.LSM6DSM_X_Disable_Single_Tap_Detection  lsm6dsm_acc_gyro_driver_hl.o
    0x08008daa   0x08008daa   0x00000016   Code   RO         8515    i.LSM6DSM_X_Disable_Step_Counter_Reset  lsm6dsm_acc_gyro_driver_hl.o
    0x08008dc0   0x08008dc0   0x00000040   Code   RO         8516    i.LSM6DSM_X_Disable_Tilt_Detection  lsm6dsm_acc_gyro_driver_hl.o
    0x08008e00   0x08008e00   0x0000004e   Code   RO         8517    i.LSM6DSM_X_Disable_Wake_Up_Detection  lsm6dsm_acc_gyro_driver_hl.o
    0x08008e4e   0x08008e4e   0x00000080   Code   RO         8521    i.LSM6DSM_X_Enable_Pedometer  lsm6dsm_acc_gyro_driver_hl.o
    0x08008ece   0x08008ece   0x00000016   Code   RO         8523    i.LSM6DSM_X_Enable_Step_Counter_Reset  lsm6dsm_acc_gyro_driver_hl.o
    0x08008ee4   0x08008ee4   0x00000098   Code   RO         8524    i.LSM6DSM_X_Enable_Tilt_Detection  lsm6dsm_acc_gyro_driver_hl.o
    0x08008f7c   0x08008f7c   0x00000084   Code   RO         8525    i.LSM6DSM_X_Enable_Wake_Up_Detection  lsm6dsm_acc_gyro_driver_hl.o
    0x08009000   0x08009000   0x00000088   Code   RO         8533    i.LSM6DSM_X_Get_Axes  lsm6dsm_acc_gyro_driver_hl.o
    0x08009088   0x08009088   0x0000002a   Code   RO         8534    i.LSM6DSM_X_Get_AxesRaw  lsm6dsm_acc_gyro_driver_hl.o
    0x080090b2   0x080090b2   0x0000004e   Code   RO         8535    i.LSM6DSM_X_Get_Axes_Raw  lsm6dsm_acc_gyro_driver_hl.o
    0x08009100   0x08009100   0x00000032   Code   RO         8536    i.LSM6DSM_X_Get_DRDY_Status  lsm6dsm_acc_gyro_driver_hl.o
    0x08009132   0x08009132   0x00000062   Code   RO         8538    i.LSM6DSM_X_Get_FS  lsm6dsm_acc_gyro_driver_hl.o
    0x08009194   0x08009194   0x000000dc   Code   RO         8540    i.LSM6DSM_X_Get_ODR  lsm6dsm_acc_gyro_driver_hl.o
    0x08009270   0x08009270   0x00000034   Code   RO         8541    i.LSM6DSM_X_Get_Pedometer_Status  lsm6dsm_acc_gyro_driver_hl.o
    0x080092a4   0x080092a4   0x00000074   Code   RO         8542    i.LSM6DSM_X_Get_Sensitivity  lsm6dsm_acc_gyro_driver_hl.o
    0x08009318   0x08009318   0x00000018   Code   RO         8544    i.LSM6DSM_X_Get_Step_Count  lsm6dsm_acc_gyro_driver_hl.o
    0x08009330   0x08009330   0x00000034   Code   RO         8545    i.LSM6DSM_X_Get_Tilt_Detection_Status  lsm6dsm_acc_gyro_driver_hl.o
    0x08009364   0x08009364   0x00000034   Code   RO         8546    i.LSM6DSM_X_Get_Wake_Up_Detection_Status  lsm6dsm_acc_gyro_driver_hl.o
    0x08009398   0x08009398   0x00000010   Code   RO         8547    i.LSM6DSM_X_Get_WhoAmI  lsm6dsm_acc_gyro_driver_hl.o
    0x080093a8   0x080093a8   0x00000072   Code   RO         8548    i.LSM6DSM_X_Init    lsm6dsm_acc_gyro_driver_hl.o
    0x0800941a   0x0800941a   0x0000001c   Code   RO         8549    i.LSM6DSM_X_Read_Reg  lsm6dsm_acc_gyro_driver_hl.o
    0x08009436   0x08009436   0x00000034   Code   RO         8550    i.LSM6DSM_X_Sensor_Disable  lsm6dsm_acc_gyro_driver_hl.o
    0x0800946a   0x0800946a   0x0000002e   Code   RO         8551    i.LSM6DSM_X_Sensor_Enable  lsm6dsm_acc_gyro_driver_hl.o
    0x08009498   0x08009498   0x00000036   Code   RO         8552    i.LSM6DSM_X_Set_FS  lsm6dsm_acc_gyro_driver_hl.o
    0x080094ce   0x080094ce   0x0000005c   Code   RO         8553    i.LSM6DSM_X_Set_FS_Value  lsm6dsm_acc_gyro_driver_hl.o
    0x0800952a   0x0800952a   0x0000002c   Code   RO         8555    i.LSM6DSM_X_Set_ODR  lsm6dsm_acc_gyro_driver_hl.o
    0x08009556   0x08009556   0x0000003a   Code   RO         8556    i.LSM6DSM_X_Set_ODR_Value  lsm6dsm_acc_gyro_driver_hl.o
    0x08009590   0x08009590   0x000000e8   Code   RO         8557    i.LSM6DSM_X_Set_ODR_Value_When_Disabled  lsm6dsm_acc_gyro_driver_hl.o
    0x08009678   0x08009678   0x000000e4   Code   RO         8558    i.LSM6DSM_X_Set_ODR_Value_When_Enabled  lsm6dsm_acc_gyro_driver_hl.o
    0x0800975c   0x0800975c   0x0000005c   Code   RO         8559    i.LSM6DSM_X_Set_ODR_When_Disabled  lsm6dsm_acc_gyro_driver_hl.o
    0x080097b8   0x080097b8   0x00000040   Code   RO         8560    i.LSM6DSM_X_Set_ODR_When_Enabled  lsm6dsm_acc_gyro_driver_hl.o
    0x080097f8   0x080097f8   0x00000018   Code   RO         8561    i.LSM6DSM_X_Set_Pedometer_Threshold  lsm6dsm_acc_gyro_driver_hl.o
    0x08009810   0x08009810   0x00000018   Code   RO         8562    i.LSM6DSM_X_Set_Tap_Duration_Time  lsm6dsm_acc_gyro_driver_hl.o
    0x08009828   0x08009828   0x00000018   Code   RO         8563    i.LSM6DSM_X_Set_Tap_Quiet_Time  lsm6dsm_acc_gyro_driver_hl.o
    0x08009840   0x08009840   0x00000018   Code   RO         8564    i.LSM6DSM_X_Set_Tap_Shock_Time  lsm6dsm_acc_gyro_driver_hl.o
    0x08009858   0x08009858   0x00000018   Code   RO         8565    i.LSM6DSM_X_Set_Tap_Threshold  lsm6dsm_acc_gyro_driver_hl.o
    0x08009870   0x08009870   0x00000018   Code   RO         8566    i.LSM6DSM_X_Set_Wake_Up_Threshold  lsm6dsm_acc_gyro_driver_hl.o
    0x08009888   0x08009888   0x0000001c   Code   RO         8567    i.LSM6DSM_X_Write_Reg  lsm6dsm_acc_gyro_driver_hl.o
    0x080098a4   0x080098a4   0x00000040   Code   RO         9924    i.LoRa_Init         lora.o
    0x080098e4   0x080098e4   0x00000014   Code   RO         9925    i.LoRa_SetTxPower   lora.o
    0x080098f8   0x080098f8   0x000000e4   Code   RO         9929    i.LoRa_config       lora.o
    0x080099dc   0x080099dc   0x00000010   Code   RO         9936    i.LoRa_setGain      lora.o
    0x080099ec   0x080099ec   0x00000020   Code   RO         9937    i.LoRa_sleepMode    lora.o
    0x08009a0c   0x08009a0c   0x00000010   Code   RO         9938    i.LoRa_standbyMode  lora.o
    0x08009a1c   0x08009a1c   0x00000020   Code   RO        10404    i.MAC_Init          mac.o
    0x08009a3c   0x08009a3c   0x00000704   Code   RO         9766    i.MPU_SelfTest      cowlar_app_v8.o
    0x0800a140   0x0800a140   0x0000054a   Code   RO         9767    i.MPU_UnitTestGravityAndFifo  cowlar_app_v8.o
    0x0800a68a   0x0800a68a   0x00000002   PAD
    0x0800a68c   0x0800a68c   0x000000c8   Code   RO         9768    i.MPU_UnitTest_InternalTemp  cowlar_app_v8.o
    0x0800a754   0x0800a754   0x00000060   Code   RO         5543    i.MX_ADC1_Init      adc.o
    0x0800a7b4   0x0800a7b4   0x00000048   Code   RO         5590    i.MX_CRC_Init       crc.o
    0x0800a7fc   0x0800a7fc   0x00000064   Code   RO         5631    i.MX_DMA_Init       dma.o
    0x0800a860   0x0800a860   0x00000060   Code   RO         5655    i.MX_FREERTOS_Init  freertos.o
    0x0800a8c0   0x0800a8c0   0x000001b8   Code   RO         5514    i.MX_GPIO_Init      gpio.o
    0x0800aa78   0x0800aa78   0x0000007c   Code   RO         5718    i.MX_I2C1_Init      i2c.o
    0x0800aaf4   0x0800aaf4   0x00000040   Code   RO         5758    i.MX_IWDG_Init      iwdg.o
    0x0800ab34   0x0800ab34   0x00000054   Code   RO         5790    i.MX_LPUART1_UART_Init  usart.o
    0x0800ab88   0x0800ab88   0x000000b8   Code   RO         5832    i.MX_RTC_Init       rtc.o
    0x0800ac40   0x0800ac40   0x00000064   Code   RO         5875    i.MX_SPI1_Init      spi.o
    0x0800aca4   0x0800aca4   0x00000064   Code   RO         5876    i.MX_SPI2_Init      spi.o
    0x0800ad08   0x0800ad08   0x00000004   Code   RO         5932    i.MemManage_Handler  stm32l4xx_it.o
    0x0800ad0c   0x0800ad0c   0x00000002   Code   RO        11140    i.NFC04A1_GPO_Init  nfc04a1.o
    0x0800ad0e   0x0800ad0e   0x00000002   PAD
    0x0800ad10   0x0800ad10   0x00000054   Code   RO        11148    i.NFC04A1_LPD_Init  nfc04a1.o
    0x0800ad64   0x0800ad64   0x00000014   Code   RO        11150    i.NFC04A1_LPD_WritePin  nfc04a1.o
    0x0800ad78   0x0800ad78   0x00000026   Code   RO        11152    i.NFCTAG_ConvertStatus  nfc04a1.o
    0x0800ad9e   0x0800ad9e   0x00000002   PAD
    0x0800ada0   0x0800ada0   0x0000001c   Code   RO        11153    i.NFCTAG_IO_Init    nfc04a1.o
    0x0800adbc   0x0800adbc   0x00000016   Code   RO        11154    i.NFCTAG_IO_IsDeviceReady  nfc04a1.o
    0x0800add2   0x0800add2   0x00000008   Code   RO        11155    i.NFCTAG_IO_IsNacked  nfc04a1.o
    0x0800adda   0x0800adda   0x00000022   Code   RO        11156    i.NFCTAG_IO_MemRead  nfc04a1.o
    0x0800adfc   0x0800adfc   0x00000022   Code   RO        11157    i.NFCTAG_IO_MemWrite  nfc04a1.o
    0x0800ae1e   0x0800ae1e   0x0000001e   Code   RO        11158    i.NFCTAG_IO_Read    nfc04a1.o
    0x0800ae3c   0x0800ae3c   0x00000002   Code   RO         5933    i.NMI_Handler       stm32l4xx_it.o
    0x0800ae3e   0x0800ae3e   0x00000002   PAD
    0x0800ae40   0x0800ae40   0x00000010   Code   RO         4975    i.NVIC_GetPriorityGrouping  stm32l4xx_hal_cortex.o
    0x0800ae50   0x0800ae50   0x00000028   Code   RO         4976    i.NVIC_SetPriority  stm32l4xx_hal_cortex.o
    0x0800ae78   0x0800ae78   0x000000a4   Code   RO        11471    i.NfcMemoryTest     nfc_application.o
    0x0800af1c   0x0800af1c   0x0000012c   Code   RO        12015    i.NfcType5_NDEFDetection  tagtype5.o
    0x0800b048   0x0800b048   0x0000010c   Code   RO        12016    i.NfcType5_NDEFInitHeader  tagtype5.o
    0x0800b154   0x0800b154   0x0000003c   Code   RO        12018    i.NfcType5_ReadCCFile  tagtype5.o
    0x0800b190   0x0800b190   0x000000a8   Code   RO        12019    i.NfcType5_TT5Init  tagtype5.o
    0x0800b238   0x0800b238   0x0000003c   Code   RO        12020    i.NfcType5_WriteCCFile  tagtype5.o
    0x0800b274   0x0800b274   0x0000008c   Code   RO        11472    i.Nfc_DeviceSettings  nfc_application.o
    0x0800b300   0x0800b300   0x00000028   Code   RO         9939    i.OnCadDone         lora.o
    0x0800b328   0x0800b328   0x0000008c   Code   RO         9940    i.OnRxDone          lora.o
    0x0800b3b4   0x0800b3b4   0x00000028   Code   RO         9941    i.OnRxError         lora.o
    0x0800b3dc   0x0800b3dc   0x00000018   Code   RO         9942    i.OnRxTimeout       lora.o
    0x0800b3f4   0x0800b3f4   0x0000004c   Code   RO         9943    i.OnTxDone          lora.o
    0x0800b440   0x0800b440   0x00000018   Code   RO         9944    i.OnTxTimeout       lora.o
    0x0800b458   0x0800b458   0x00000002   Code   RO         5277    i.PostSleepProcessing  main.o
    0x0800b45a   0x0800b45a   0x0000000a   Code   RO        11159    i.PowerOffNFC       nfc04a1.o
    0x0800b464   0x0800b464   0x0000000a   Code   RO        11160    i.PowerOnNFC        nfc04a1.o
    0x0800b46e   0x0800b46e   0x0000002a   Code   RO         5278    i.PreSleepProcessing  main.o
    0x0800b498   0x0800b498   0x0000018c   Code   RO         4063    i.RCCEx_PLLSAI1_Config  stm32l4xx_hal_rcc_ex.o
    0x0800b624   0x0800b624   0x000000a0   Code   RO         3950    i.RCC_SetFlashLatencyFromMSIRange  stm32l4xx_hal_rcc.o
    0x0800b6c4   0x0800b6c4   0x00000010   Code   RO         5934    i.RTC_Alarm_IRQHandler  stm32l4xx_it.o
    0x0800b6d4   0x0800b6d4   0x00000016   Code   RO         2976    i.RTC_Bcd2ToByte    stm32l4xx_hal_rtc.o
    0x0800b6ea   0x0800b6ea   0x0000001a   Code   RO         2977    i.RTC_ByteToBcd2    stm32l4xx_hal_rtc.o
    0x0800b704   0x0800b704   0x0000003e   Code   RO         2978    i.RTC_EnterInitMode  stm32l4xx_hal_rtc.o
    0x0800b742   0x0800b742   0x00000014   Code   RO         9170    i.RTC_getUnixTime   mrtc.o
    0x0800b756   0x0800b756   0x00000002   PAD
    0x0800b758   0x0800b758   0x000000e0   Code   RO         9171    i.RTC_getUnixTimeMs  mrtc.o
    0x0800b838   0x0800b838   0x00000084   Code   RO         9264    i.RTC_milliSecondsTillMark  mrtc.o
    0x0800b8bc   0x0800b8bc   0x0000000e   Code   RO         9253    i.RTC_secondsTillMark2  mrtc.o
    0x0800b8ca   0x0800b8ca   0x00000002   PAD
    0x0800b8cc   0x0800b8cc   0x00000158   Code   RO         9174    i.RTC_setAlarmMs    mrtc.o
    0x0800ba24   0x0800ba24   0x00000006   Code   RO        10738    i.RadioCheckRfFrequency  radio.o
    0x0800ba2a   0x0800ba2a   0x00000002   PAD
    0x0800ba2c   0x0800ba2c   0x0000003c   Code   RO        10739    i.RadioGetFskBandwidthRegValue  radio.o
    0x0800ba68   0x0800ba68   0x00000024   Code   RO        10740    i.RadioGetStatus    radio.o
    0x0800ba8c   0x0800ba8c   0x00000004   Code   RO        10741    i.RadioGetWakeupTime  radio.o
    0x0800ba90   0x0800ba90   0x0000004c   Code   RO        10742    i.RadioInit         radio.o
    0x0800badc   0x0800badc   0x00000164   Code   RO        10743    i.RadioIrqProcess   radio.o
    0x0800bc40   0x0800bc40   0x00000036   Code   RO        10744    i.RadioIsChannelFree  radio.o
    0x0800bc76   0x0800bc76   0x00000002   PAD
    0x0800bc78   0x0800bc78   0x0000000c   Code   RO        10745    i.RadioOnDioIrq     radio.o
    0x0800bc84   0x0800bc84   0x00000036   Code   RO        10748    i.RadioRandom       radio.o
    0x0800bcba   0x0800bcba   0x0000000e   Code   RO        10749    i.RadioRead         radio.o
    0x0800bcc8   0x0800bcc8   0x00000014   Code   RO        10750    i.RadioReadBuffer   radio.o
    0x0800bcdc   0x0800bcdc   0x0000000a   Code   RO        10752    i.RadioRssi         radio.o
    0x0800bce6   0x0800bce6   0x00000002   PAD
    0x0800bce8   0x0800bce8   0x0000003c   Code   RO        10753    i.RadioRx           radio.o
    0x0800bd24   0x0800bd24   0x0000003c   Code   RO        10754    i.RadioRxBoosted    radio.o
    0x0800bd60   0x0800bd60   0x0000004c   Code   RO        10755    i.RadioSend         radio.o
    0x0800bdac   0x0800bdac   0x0000000c   Code   RO        10756    i.RadioSetChannel   radio.o
    0x0800bdb8   0x0800bdb8   0x00000040   Code   RO        10757    i.RadioSetMaxPayloadLength  radio.o
    0x0800bdf8   0x0800bdf8   0x00000044   Code   RO        10758    i.RadioSetModem     radio.o
    0x0800be3c   0x0800be3c   0x00000044   Code   RO        10759    i.RadioSetPublicNetwork  radio.o
    0x0800be80   0x0800be80   0x00000276   Code   RO        10760    i.RadioSetRxConfig  radio.o
    0x0800c0f6   0x0800c0f6   0x00000010   Code   RO        10761    i.RadioSetRxDutyCycle  radio.o
    0x0800c106   0x0800c106   0x00000002   PAD
    0x0800c108   0x0800c108   0x000001b2   Code   RO        10762    i.RadioSetTxConfig  radio.o
    0x0800c2ba   0x0800c2ba   0x0000001a   Code   RO        10763    i.RadioSetTxContinuousWave  radio.o
    0x0800c2d4   0x0800c2d4   0x00000020   Code   RO        10764    i.RadioSleep        radio.o
    0x0800c2f4   0x0800c2f4   0x0000000a   Code   RO        10765    i.RadioStandby      radio.o
    0x0800c2fe   0x0800c2fe   0x00000008   Code   RO        10766    i.RadioStartCad     radio.o
    0x0800c306   0x0800c306   0x00000002   PAD
    0x0800c308   0x0800c308   0x000002ec   Code   RO        10767    i.RadioTimeOnAir    radio.o
    0x0800c5f4   0x0800c5f4   0x00000010   Code   RO        10769    i.RadioWrite        radio.o
    0x0800c604   0x0800c604   0x00000014   Code   RO        10770    i.RadioWriteBuffer  radio.o
    0x0800c618   0x0800c618   0x000000f0   Code   RO        11473    i.ReadNfcConfiguration  nfc_application.o
    0x0800c708   0x0800c708   0x0000001c   Code   RO        11474    i.ReadNfcSettings   nfc_application.o
    0x0800c724   0x0800c724   0x00000028   Code   RO         3376    i.SPI_DMAError      stm32l4xx_hal_spi.o
    0x0800c74c   0x0800c74c   0x0000000e   Code   RO         3377    i.SPI_DMAHalfReceiveCplt  stm32l4xx_hal_spi.o
    0x0800c75a   0x0800c75a   0x0000000e   Code   RO         3379    i.SPI_DMAHalfTransmitReceiveCplt  stm32l4xx_hal_spi.o
    0x0800c768   0x0800c768   0x00000064   Code   RO         3380    i.SPI_DMAReceiveCplt  stm32l4xx_hal_spi.o
    0x0800c7cc   0x0800c7cc   0x0000006a   Code   RO         3383    i.SPI_DMATransmitReceiveCplt  stm32l4xx_hal_spi.o
    0x0800c836   0x0800c836   0x00000082   Code   RO         3385    i.SPI_EndRxTransaction  stm32l4xx_hal_spi.o
    0x0800c8b8   0x0800c8b8   0x00000064   Code   RO         3386    i.SPI_EndRxTxTransaction  stm32l4xx_hal_spi.o
    0x0800c91c   0x0800c91c   0x000000b0   Code   RO         3391    i.SPI_WaitFifoStateUntilTimeout  stm32l4xx_hal_spi.o
    0x0800c9cc   0x0800c9cc   0x000000a8   Code   RO         3392    i.SPI_WaitFlagStateUntilTimeout  stm32l4xx_hal_spi.o
    0x0800ca74   0x0800ca74   0x00000008   Code   RO        11161    i.ST25DV_IO_Init    nfc04a1.o
    0x0800ca7c   0x0800ca7c   0x00000010   Code   RO        11162    i.ST25DV_IO_IsDeviceReady  nfc04a1.o
    0x0800ca8c   0x0800ca8c   0x00000008   Code   RO        11163    i.ST25DV_IO_IsNacked  nfc04a1.o
    0x0800ca94   0x0800ca94   0x0000001c   Code   RO        11164    i.ST25DV_IO_MemRead  nfc04a1.o
    0x0800cab0   0x0800cab0   0x00000054   Code   RO        11165    i.ST25DV_IO_MemWrite  nfc04a1.o
    0x0800cb04   0x0800cb04   0x00000014   Code   RO        11166    i.ST25DV_IO_Read    nfc04a1.o
    0x0800cb18   0x0800cb18   0x0000000e   Code   RO        11540    i.ST25DV_i2c_ConfigureGPO  st25dv.o
    0x0800cb26   0x0800cb26   0x0000014a   Code   RO        11541    i.ST25DV_i2c_CreateUserZone  st25dv.o
    0x0800cc70   0x0800cc70   0x00000030   Code   RO        11542    i.ST25DV_i2c_GetEHENMode_Dyn  st25dv.o
    0x0800cca0   0x0800cca0   0x00000036   Code   RO        11543    i.ST25DV_i2c_GetEHON_Dyn  st25dv.o
    0x0800ccd6   0x0800ccd6   0x00000020   Code   RO        11544    i.ST25DV_i2c_GetGPOStatus  st25dv.o
    0x0800ccf6   0x0800ccf6   0x00000030   Code   RO        11545    i.ST25DV_i2c_GetGPO_en_Dyn  st25dv.o
    0x0800cd26   0x0800cd26   0x00000030   Code   RO        11546    i.ST25DV_i2c_GetMBEN_Dyn  st25dv.o
    0x0800cd56   0x0800cd56   0x00000032   Code   RO        11547    i.ST25DV_i2c_GetRFDisable  st25dv.o
    0x0800cd88   0x0800cd88   0x00000034   Code   RO        11548    i.ST25DV_i2c_GetRFDisable_Dyn  st25dv.o
    0x0800cdbc   0x0800cdbc   0x00000036   Code   RO        11549    i.ST25DV_i2c_GetRFField_Dyn  st25dv.o
    0x0800cdf2   0x0800cdf2   0x00000032   Code   RO        11550    i.ST25DV_i2c_GetRFSleep  st25dv.o
    0x0800ce24   0x0800ce24   0x00000034   Code   RO        11551    i.ST25DV_i2c_GetRFSleep_Dyn  st25dv.o
    0x0800ce58   0x0800ce58   0x00000036   Code   RO        11552    i.ST25DV_i2c_GetVCC_Dyn  st25dv.o
    0x0800ce8e   0x0800ce8e   0x00000008   Code   RO        11553    i.ST25DV_i2c_Init   st25dv.o
    0x0800ce96   0x0800ce96   0x0000006c   Code   RO        11554    i.ST25DV_i2c_InitEndZone  st25dv.o
    0x0800cf02   0x0800cf02   0x0000000e   Code   RO        11555    i.ST25DV_i2c_IsDeviceReady  st25dv.o
    0x0800cf10   0x0800cf10   0x00000062   Code   RO        11556    i.ST25DV_i2c_PresentI2CPassword  st25dv.o
    0x0800cf72   0x0800cf72   0x00000010   Code   RO        11557    i.ST25DV_i2c_ReadAFI  st25dv.o
    0x0800cf82   0x0800cf82   0x0000002a   Code   RO        11558    i.ST25DV_i2c_ReadAfiRFProtection  st25dv.o
    0x0800cfac   0x0800cfac   0x00000010   Code   RO        11559    i.ST25DV_i2c_ReadDSFID  st25dv.o
    0x0800cfbc   0x0800cfbc   0x00000016   Code   RO        11560    i.ST25DV_i2c_ReadData  st25dv.o
    0x0800cfd2   0x0800cfd2   0x00000012   Code   RO        11561    i.ST25DV_i2c_ReadDataCurrentAddr  st25dv.o
    0x0800cfe4   0x0800cfe4   0x0000002a   Code   RO        11562    i.ST25DV_i2c_ReadDsfidRFProtection  st25dv.o
    0x0800d00e   0x0800d00e   0x00000076   Code   RO        11563    i.ST25DV_i2c_ReadEHCtrl_Dyn  st25dv.o
    0x0800d084   0x0800d084   0x0000002e   Code   RO        11564    i.ST25DV_i2c_ReadEHMode  st25dv.o
    0x0800d0b2   0x0800d0b2   0x00000030   Code   RO        11565    i.ST25DV_i2c_ReadEndZonex  st25dv.o
    0x0800d0e2   0x0800d0e2   0x00000010   Code   RO        11566    i.ST25DV_i2c_ReadGPO_Dyn  st25dv.o
    0x0800d0f2   0x0800d0f2   0x00000040   Code   RO        11567    i.ST25DV_i2c_ReadI2CProtectZone  st25dv.o
    0x0800d132   0x0800d132   0x00000030   Code   RO        11568    i.ST25DV_i2c_ReadI2CSecuritySession_Dyn  st25dv.o
    0x0800d162   0x0800d162   0x00000010   Code   RO        11569    i.ST25DV_i2c_ReadICRev  st25dv.o
    0x0800d172   0x0800d172   0x00000010   Code   RO        11570    i.ST25DV_i2c_ReadID  st25dv.o
    0x0800d182   0x0800d182   0x00000020   Code   RO        11571    i.ST25DV_i2c_ReadITPulse  st25dv.o
    0x0800d1a2   0x0800d1a2   0x00000012   Code   RO        11572    i.ST25DV_i2c_ReadITSTStatus_Dyn  st25dv.o
    0x0800d1b4   0x0800d1b4   0x00000044   Code   RO        11573    i.ST25DV_i2c_ReadLockCCFile  st25dv.o
    0x0800d1f8   0x0800d1f8   0x0000002e   Code   RO        11574    i.ST25DV_i2c_ReadLockCFG  st25dv.o
    0x0800d226   0x0800d226   0x00000056   Code   RO        11575    i.ST25DV_i2c_ReadMBCtrl_Dyn  st25dv.o
    0x0800d27c   0x0800d27c   0x00000012   Code   RO        11576    i.ST25DV_i2c_ReadMBLength_Dyn  st25dv.o
    0x0800d28e   0x0800d28e   0x0000002e   Code   RO        11577    i.ST25DV_i2c_ReadMBMode  st25dv.o
    0x0800d2bc   0x0800d2bc   0x00000024   Code   RO        11578    i.ST25DV_i2c_ReadMBWDG  st25dv.o
    0x0800d2e0   0x0800d2e0   0x00000026   Code   RO        11579    i.ST25DV_i2c_ReadMailboxData  st25dv.o
    0x0800d306   0x0800d306   0x00000028   Code   RO        11580    i.ST25DV_i2c_ReadMailboxRegister  st25dv.o
    0x0800d32e   0x0800d32e   0x00000032   Code   RO        11581    i.ST25DV_i2c_ReadMemSize  st25dv.o
    0x0800d360   0x0800d360   0x00000044   Code   RO        11582    i.ST25DV_i2c_ReadRFMngt  st25dv.o
    0x0800d3a4   0x0800d3a4   0x0000004a   Code   RO        11583    i.ST25DV_i2c_ReadRFMngt_Dyn  st25dv.o
    0x0800d3ee   0x0800d3ee   0x00000056   Code   RO        11584    i.ST25DV_i2c_ReadRFZxSS  st25dv.o
    0x0800d444   0x0800d444   0x00000016   Code   RO        11585    i.ST25DV_i2c_ReadRegister  st25dv.o
    0x0800d45a   0x0800d45a   0x0000005a   Code   RO        11586    i.ST25DV_i2c_ReadUID  st25dv.o
    0x0800d4b4   0x0800d4b4   0x0000002e   Code   RO        11587    i.ST25DV_i2c_ResetEHENMode_Dyn  st25dv.o
    0x0800d4e2   0x0800d4e2   0x0000002a   Code   RO        11588    i.ST25DV_i2c_ResetGPO_en_Dyn  st25dv.o
    0x0800d50c   0x0800d50c   0x00000014   Code   RO        11589    i.ST25DV_i2c_ResetMBEN_Dyn  st25dv.o
    0x0800d520   0x0800d520   0x0000002e   Code   RO        11590    i.ST25DV_i2c_ResetRFDisable  st25dv.o
    0x0800d54e   0x0800d54e   0x00000032   Code   RO        11591    i.ST25DV_i2c_ResetRFDisable_Dyn  st25dv.o
    0x0800d580   0x0800d580   0x0000002e   Code   RO        11592    i.ST25DV_i2c_ResetRFSleep  st25dv.o
    0x0800d5ae   0x0800d5ae   0x00000032   Code   RO        11593    i.ST25DV_i2c_ResetRFSleep_Dyn  st25dv.o
    0x0800d5e0   0x0800d5e0   0x0000002e   Code   RO        11594    i.ST25DV_i2c_SetEHENMode_Dyn  st25dv.o
    0x0800d60e   0x0800d60e   0x0000002a   Code   RO        11595    i.ST25DV_i2c_SetGPO_en_Dyn  st25dv.o
    0x0800d638   0x0800d638   0x00000014   Code   RO        11596    i.ST25DV_i2c_SetMBEN_Dyn  st25dv.o
    0x0800d64c   0x0800d64c   0x0000002e   Code   RO        11597    i.ST25DV_i2c_SetRFDisable  st25dv.o
    0x0800d67a   0x0800d67a   0x00000032   Code   RO        11598    i.ST25DV_i2c_SetRFDisable_Dyn  st25dv.o
    0x0800d6ac   0x0800d6ac   0x0000002e   Code   RO        11599    i.ST25DV_i2c_SetRFSleep  st25dv.o
    0x0800d6da   0x0800d6da   0x00000032   Code   RO        11600    i.ST25DV_i2c_SetRFSleep_Dyn  st25dv.o
    0x0800d70c   0x0800d70c   0x00000050   Code   RO        11601    i.ST25DV_i2c_WriteData  st25dv.o
    0x0800d75c   0x0800d75c   0x00000012   Code   RO        11602    i.ST25DV_i2c_WriteEHMode  st25dv.o
    0x0800d76e   0x0800d76e   0x00000032   Code   RO        11603    i.ST25DV_i2c_WriteEndZonex  st25dv.o
    0x0800d7a0   0x0800d7a0   0x00000062   Code   RO        11604    i.ST25DV_i2c_WriteI2CPassword  st25dv.o
    0x0800d802   0x0800d802   0x0000009e   Code   RO        11605    i.ST25DV_i2c_WriteI2CProtectZonex  st25dv.o
    0x0800d8a0   0x0800d8a0   0x00000012   Code   RO        11606    i.ST25DV_i2c_WriteITPulse  st25dv.o
    0x0800d8b2   0x0800d8b2   0x00000032   Code   RO        11607    i.ST25DV_i2c_WriteLockCCFile  st25dv.o
    0x0800d8e4   0x0800d8e4   0x00000012   Code   RO        11608    i.ST25DV_i2c_WriteLockCFG  st25dv.o
    0x0800d8f6   0x0800d8f6   0x00000012   Code   RO        11609    i.ST25DV_i2c_WriteMBMode  st25dv.o
    0x0800d908   0x0800d908   0x00000016   Code   RO        11610    i.ST25DV_i2c_WriteMBWDG  st25dv.o
    0x0800d91e   0x0800d91e   0x00000022   Code   RO        11611    i.ST25DV_i2c_WriteMailboxData  st25dv.o
    0x0800d940   0x0800d940   0x00000038   Code   RO        11612    i.ST25DV_i2c_WriteMailboxRegister  st25dv.o
    0x0800d978   0x0800d978   0x0000000e   Code   RO        11613    i.ST25DV_i2c_WriteRFMngt  st25dv.o
    0x0800d986   0x0800d986   0x00000010   Code   RO        11614    i.ST25DV_i2c_WriteRFMngt_Dyn  st25dv.o
    0x0800d996   0x0800d996   0x00000054   Code   RO        11615    i.ST25DV_i2c_WriteRFZxSS  st25dv.o
    0x0800d9ea   0x0800d9ea   0x0000004e   Code   RO        11616    i.ST25DV_i2c_WriteRegister  st25dv.o
    0x0800da38   0x0800da38   0x00000028   Code   RO        11168    i.STM32_I2C1_Init   nfc04a1.o
    0x0800da60   0x0800da60   0x0000001c   Code   RO        11169    i.STM32_I2C1_IsDeviceReady  nfc04a1.o
    0x0800da7c   0x0800da7c   0x00000014   Code   RO        11170    i.STM32_I2C1_IsNacked  nfc04a1.o
    0x0800da90   0x0800da90   0x00000036   Code   RO        11171    i.STM32_I2C1_MemRead  nfc04a1.o
    0x0800dac6   0x0800dac6   0x00000002   PAD
    0x0800dac8   0x0800dac8   0x00000032   Code   RO        11172    i.STM32_I2C1_MemWrite  nfc04a1.o
    0x0800dafa   0x0800dafa   0x00000002   PAD
    0x0800dafc   0x0800dafc   0x00000078   Code   RO        11174    i.STM32_I2C1_MspInit  nfc04a1.o
    0x0800db74   0x0800db74   0x0000002c   Code   RO        11175    i.STM32_I2C1_Read   nfc04a1.o
    0x0800dba0   0x0800dba0   0x00000010   Code   RO        10968    i.SX126xAntSwOff    sx126x-board.o
    0x0800dbb0   0x0800dbb0   0x00000010   Code   RO        10969    i.SX126xAntSwOn     sx126x-board.o
    0x0800dbc0   0x0800dbc0   0x00000088   Code   RO        10098    i.SX126xCalibrateImage  sx126x.o
    0x0800dc48   0x0800dc48   0x0000001e   Code   RO        10099    i.SX126xCheckDeviceReady  sx126x.o
    0x0800dc66   0x0800dc66   0x0000001c   Code   RO        10101    i.SX126xClearIrqStatus  sx126x.o
    0x0800dc82   0x0800dc82   0x0000001a   Code   RO        10103    i.SX126xGetIrqStatus  sx126x.o
    0x0800dc9c   0x0800dc9c   0x0000000c   Code   RO        10104    i.SX126xGetOperatingMode  sx126x.o
    0x0800dca8   0x0800dca8   0x00000006   Code   RO        10971    i.SX126xGetPaSelect  sx126x-board.o
    0x0800dcae   0x0800dcae   0x00000002   PAD
    0x0800dcb0   0x0800dcb0   0x0000009c   Code   RO        10105    i.SX126xGetPacketStatus  sx126x.o
    0x0800dd4c   0x0800dd4c   0x0000000c   Code   RO        10106    i.SX126xGetPacketType  sx126x.o
    0x0800dd58   0x0800dd58   0x0000002e   Code   RO        10107    i.SX126xGetPayload  sx126x.o
    0x0800dd86   0x0800dd86   0x0000001c   Code   RO        10109    i.SX126xGetRssiInst  sx126x.o
    0x0800dda2   0x0800dda2   0x00000042   Code   RO        10110    i.SX126xGetRxBufferStatus  sx126x.o
    0x0800dde4   0x0800dde4   0x0000002c   Code   RO        10112    i.SX126xInit        sx126x.o
    0x0800de10   0x0800de10   0x000000e0   Code   RO        10973    i.SX126xIoInit      sx126x-board.o
    0x0800def0   0x0800def0   0x00000002   Code   RO        10974    i.SX126xIoIrqInit   sx126x-board.o
    0x0800def2   0x0800def2   0x00000002   PAD
    0x0800def4   0x0800def4   0x00000058   Code   RO        10975    i.SX126xReadBuffer  sx126x-board.o
    0x0800df4c   0x0800df4c   0x00000050   Code   RO        10976    i.SX126xReadCommand  sx126x-board.o
    0x0800df9c   0x0800df9c   0x00000014   Code   RO        10977    i.SX126xReadRegister  sx126x-board.o
    0x0800dfb0   0x0800dfb0   0x00000060   Code   RO        10978    i.SX126xReadRegisters  sx126x-board.o
    0x0800e010   0x0800e010   0x0000002c   Code   RO        10979    i.SX126xReset       sx126x-board.o
    0x0800e03c   0x0800e03c   0x00000018   Code   RO        10113    i.SX126xSendPayload  sx126x.o
    0x0800e054   0x0800e054   0x0000001a   Code   RO        10114    i.SX126xSetBufferBaseAddress  sx126x.o
    0x0800e06e   0x0800e06e   0x00000002   PAD
    0x0800e070   0x0800e070   0x00000018   Code   RO        10115    i.SX126xSetCad      sx126x.o
    0x0800e088   0x0800e088   0x0000002a   Code   RO        10117    i.SX126xSetCrcPolynomial  sx126x.o
    0x0800e0b2   0x0800e0b2   0x0000002a   Code   RO        10118    i.SX126xSetCrcSeed  sx126x.o
    0x0800e0dc   0x0800e0dc   0x0000000e   Code   RO        10119    i.SX126xSetDio2AsRfSwitchCtrl  sx126x.o
    0x0800e0ea   0x0800e0ea   0x0000004a   Code   RO        10121    i.SX126xSetDioIrqParams  sx126x.o
    0x0800e134   0x0800e134   0x0000000e   Code   RO        10123    i.SX126xSetLoRaSymbNumTimeout  sx126x.o
    0x0800e142   0x0800e142   0x00000002   PAD
    0x0800e144   0x0800e144   0x000001c4   Code   RO        10124    i.SX126xSetModulationParams  sx126x.o
    0x0800e308   0x0800e308   0x00000026   Code   RO        10125    i.SX126xSetPaConfig  sx126x.o
    0x0800e32e   0x0800e32e   0x00000002   PAD
    0x0800e330   0x0800e330   0x000000e0   Code   RO        10126    i.SX126xSetPacketParams  sx126x.o
    0x0800e410   0x0800e410   0x0000001c   Code   RO        10127    i.SX126xSetPacketType  sx126x.o
    0x0800e42c   0x0800e42c   0x00000012   Code   RO        10128    i.SX126xSetPayload  sx126x.o
    0x0800e43e   0x0800e43e   0x0000000e   Code   RO        10129    i.SX126xSetRegulatorMode  sx126x.o
    0x0800e44c   0x0800e44c   0x000000a8   Code   RO        10130    i.SX126xSetRfFrequency  sx126x.o
    0x0800e4f4   0x0800e4f4   0x0000000e   Code   RO        10980    i.SX126xSetRfTxPower  sx126x-board.o
    0x0800e502   0x0800e502   0x00000002   PAD
    0x0800e504   0x0800e504   0x0000002c   Code   RO        10131    i.SX126xSetRx       sx126x.o
    0x0800e530   0x0800e530   0x00000038   Code   RO        10132    i.SX126xSetRxBoosted  sx126x.o
    0x0800e568   0x0800e568   0x00000040   Code   RO        10133    i.SX126xSetRxDutyCycle  sx126x.o
    0x0800e5a8   0x0800e5a8   0x0000001c   Code   RO        10135    i.SX126xSetSleep    sx126x.o
    0x0800e5c4   0x0800e5c4   0x00000028   Code   RO        10136    i.SX126xSetStandby  sx126x.o
    0x0800e5ec   0x0800e5ec   0x0000000e   Code   RO        10137    i.SX126xSetStopRxTimerOnPreambleDetect  sx126x.o
    0x0800e5fa   0x0800e5fa   0x00000014   Code   RO        10138    i.SX126xSetSyncWord  sx126x.o
    0x0800e60e   0x0800e60e   0x00000002   PAD
    0x0800e610   0x0800e610   0x0000002c   Code   RO        10139    i.SX126xSetTx       sx126x.o
    0x0800e63c   0x0800e63c   0x0000000e   Code   RO        10140    i.SX126xSetTxContinuousWave  sx126x.o
    0x0800e64a   0x0800e64a   0x00000002   PAD
    0x0800e64c   0x0800e64c   0x0000013c   Code   RO        10142    i.SX126xSetTxParams  sx126x.o
    0x0800e788   0x0800e788   0x0000003a   Code   RO        10143    i.SX126xSetWhiteningSeed  sx126x.o
    0x0800e7c2   0x0800e7c2   0x00000002   PAD
    0x0800e7c4   0x0800e7c4   0x00000024   Code   RO        10981    i.SX126xWaitOnBusy  sx126x-board.o
    0x0800e7e8   0x0800e7e8   0x00000030   Code   RO        10982    i.SX126xWakeup      sx126x-board.o
    0x0800e818   0x0800e818   0x00000050   Code   RO        10983    i.SX126xWriteBuffer  sx126x-board.o
    0x0800e868   0x0800e868   0x0000004c   Code   RO        10984    i.SX126xWriteCommand  sx126x-board.o
    0x0800e8b4   0x0800e8b4   0x00000010   Code   RO        10985    i.SX126xWriteRegister  sx126x-board.o
    0x0800e8c4   0x0800e8c4   0x00000058   Code   RO        10986    i.SX126xWriteRegisters  sx126x-board.o
    0x0800e91c   0x0800e91c   0x0000001c   Code   RO        10988    i.SX126x_SPI_Init   sx126x-board.o
    0x0800e938   0x0800e938   0x00000042   Code   RO         6508    i.Sensor_IO_Read    cowlar-node-v8.o
    0x0800e97a   0x0800e97a   0x0000001e   Code   RO         6509    i.Sensor_IO_SPI_CS_Disable  cowlar-node-v8.o
    0x0800e998   0x0800e998   0x0000001e   Code   RO         6510    i.Sensor_IO_SPI_CS_Enable  cowlar-node-v8.o
    0x0800e9b6   0x0800e9b6   0x00000002   PAD
    0x0800e9b8   0x0800e9b8   0x00000060   Code   RO         6511    i.Sensor_IO_SPI_CS_Init  cowlar-node-v8.o
    0x0800ea18   0x0800ea18   0x00000018   Code   RO         6513    i.Sensor_IO_SPI_Init  cowlar-node-v8.o
    0x0800ea30   0x0800ea30   0x00000050   Code   RO         6514    i.Sensor_IO_SPI_Read  cowlar-node-v8.o
    0x0800ea80   0x0800ea80   0x00000080   Code   RO         6515    i.Sensor_IO_SPI_Read_DMA  cowlar-node-v8.o
    0x0800eb00   0x0800eb00   0x00000044   Code   RO         6516    i.Sensor_IO_SPI_Write  cowlar-node-v8.o
    0x0800eb44   0x0800eb44   0x00000030   Code   RO         6517    i.Sensor_IO_Write   cowlar-node-v8.o
    0x0800eb74   0x0800eb74   0x00000024   Code   RO         9609    i.Sensors_savePacket  sensordefs.o
    0x0800eb98   0x0800eb98   0x0000001e   Code   RO        10989    i.SpiInOut          sx126x-board.o
    0x0800ebb6   0x0800ebb6   0x0000000c   Code   RO         5935    i.SysTick_Handler   stm32l4xx_it.o
    0x0800ebc2   0x0800ebc2   0x00000002   PAD
    0x0800ebc4   0x0800ebc4   0x000000fc   Code   RO         5279    i.SystemClock_Config  main.o
    0x0800ecc0   0x0800ecc0   0x000000e4   Code   RO         5280    i.SystemClock_ConfigHSI  main.o
    0x0800eda4   0x0800eda4   0x00000050   Code   RO         9886    i.SystemInit        system_stm32l4xx.o
    0x0800edf4   0x0800edf4   0x000000f8   Code   RO         2578    i.UART_AdvFeatureConfig  stm32l4xx_hal_uart.o
    0x0800eeec   0x0800eeec   0x00000074   Code   RO         2579    i.UART_CheckIdleState  stm32l4xx_hal_uart.o
    0x0800ef60   0x0800ef60   0x00000018   Code   RO         2580    i.UART_DMAAbortOnError  stm32l4xx_hal_uart.o
    0x0800ef78   0x0800ef78   0x00000024   Code   RO         2590    i.UART_EndRxTransfer  stm32l4xx_hal_uart.o
    0x0800ef9c   0x0800ef9c   0x00000022   Code   RO         2591    i.UART_EndTransmit_IT  stm32l4xx_hal_uart.o
    0x0800efbe   0x0800efbe   0x00000002   PAD
    0x0800efc0   0x0800efc0   0x0000044e   Code   RO         2595    i.UART_SetConfig    stm32l4xx_hal_uart.o
    0x0800f40e   0x0800f40e   0x0000006c   Code   RO         2598    i.UART_WaitOnFlagUntilTimeout  stm32l4xx_hal_uart.o
    0x0800f47a   0x0800f47a   0x00000004   Code   RO         5936    i.UsageFault_Handler  stm32l4xx_it.o
    0x0800f47e   0x0800f47e   0x0000001a   Code   RO        11475    i.WriteNfcDevieID   nfc_application.o
    0x0800f498   0x0800f498   0x0000001c   Code   RO        11476    i.WriteNfcSettings  nfc_application.o
    0x0800f4b4   0x0800f4b4   0x00000002   Code   RO         5282    i._Error_Handler    main.o
    0x0800f4b6   0x0800f4b6   0x00000002   PAD
    0x0800f4b8   0x0800f4b8   0x00000028   Code   RO        12356    i.__0sprintf        mc_w.l(printfa.o)
    0x0800f4e0   0x0800f4e0   0x0000002c   Code   RO        12359    i.__0vsnprintf      mc_w.l(printfa.o)
    0x0800f50c   0x0800f50c   0x00000030   Code   RO        12422    i.__ARM_fpclassify  m_wm.l(fpclassify.o)
    0x0800f53c   0x0800f53c   0x00000004   PAD
    0x0800f540   0x0800f540   0x00000118   Code   RO        12061    i.__hardfp_ceil     m_wm.l(ceil.o)
    0x0800f658   0x0800f658   0x00000118   Code   RO        12067    i.__hardfp_floor    m_wm.l(floor.o)
    0x0800f770   0x0800f770   0x00000c80   Code   RO        12073    i.__hardfp_pow      m_wm.l(pow.o)
    0x080103f0   0x080103f0   0x00000010   Code   RO        12087    i.__hardfp_rint     m_wm.l(rint.o)
    0x08010400   0x08010400   0x000000f8   Code   RO        12424    i.__kernel_poly     m_wm.l(poly.o)
    0x080104f8   0x080104f8   0x00000006   Code   RO         9504    i.__mQueue_commitStruct  mqueue.o
    0x080104fe   0x080104fe   0x00000006   Code   RO         9516    i.__mQueue_init     mqueue.o
    0x08010504   0x08010504   0x0000001c   Code   RO         9498    i.__mQueue_memcpy   mqueue.o
    0x08010520   0x08010520   0x00000006   Code   RO         9510    i.__mQueue_pullStruct  mqueue.o
    0x08010526   0x08010526   0x00000002   PAD
    0x08010528   0x08010528   0x00000030   Code   RO        12402    i.__mathlib_dbl_divzero  m_wm.l(dunder.o)
    0x08010558   0x08010558   0x00000014   Code   RO        12404    i.__mathlib_dbl_infnan2  m_wm.l(dunder.o)
    0x0801056c   0x0801056c   0x00000004   PAD
    0x08010570   0x08010570   0x00000020   Code   RO        12405    i.__mathlib_dbl_invalid  m_wm.l(dunder.o)
    0x08010590   0x08010590   0x00000020   Code   RO        12406    i.__mathlib_dbl_overflow  m_wm.l(dunder.o)
    0x080105b0   0x080105b0   0x00000020   Code   RO        12408    i.__mathlib_dbl_underflow  m_wm.l(dunder.o)
    0x080105d0   0x080105d0   0x0000000e   Code   RO        12495    i.__scatterload_copy  mc_w.l(handlers.o)
    0x080105de   0x080105de   0x00000002   Code   RO        12496    i.__scatterload_null  mc_w.l(handlers.o)
    0x080105e0   0x080105e0   0x0000000e   Code   RO        12497    i.__scatterload_zeroinit  mc_w.l(handlers.o)
    0x080105ee   0x080105ee   0x00000002   PAD
    0x080105f0   0x080105f0   0x0000000c   Code   RO        12469    i.__set_errno       mc_w.l(errno.o)
    0x080105fc   0x080105fc   0x0000018a   Code   RO        12361    i._fp_digits        mc_w.l(printfa.o)
    0x08010786   0x08010786   0x00000002   PAD
    0x08010788   0x08010788   0x000006e2   Code   RO        12362    i._printf_core      mc_w.l(printfa.o)
    0x08010e6a   0x08010e6a   0x00000024   Code   RO        12363    i._printf_post_padding  mc_w.l(printfa.o)
    0x08010e8e   0x08010e8e   0x0000002e   Code   RO        12364    i._printf_pre_padding  mc_w.l(printfa.o)
    0x08010ebc   0x08010ebc   0x00000016   Code   RO        12365    i._snputc           mc_w.l(printfa.o)
    0x08010ed2   0x08010ed2   0x0000000a   Code   RO        12366    i._sputc            mc_w.l(printfa.o)
    0x08010edc   0x08010edc   0x0000001c   Code   RO         5094    i.deviceParam_isFlashUpToDate  device_params.o
    0x08010ef8   0x08010ef8   0x00000064   Code   RO         5095    i.deviceParams_commitToFlash  device_params.o
    0x08010f5c   0x08010f5c   0x00000014   Code   RO         5097    i.deviceParams_getUID  device_params.o
    0x08010f70   0x08010f70   0x000000a0   Code   RO         5098    i.deviceParams_pullFromFlash  device_params.o
    0x08011010   0x08011010   0x00000010   Code   RO         5099    i.deviceParams_reset  device_params.o
    0x08011020   0x08011020   0x00000040   Code   RO         5100    i.deviceParams_updateFlash  device_params.o
    0x08011060   0x08011060   0x0000003c   Code   RO          710    i.eTaskConfirmSleepModeStatus  tasks.o
    0x0801109c   0x0801109c   0x00000010   Code   RO         9773    i.enableAllSensors  cowlar_app_v8.o
    0x080110ac   0x080110ac   0x00000018   Code   RO        12418    i.fabs              m_wm.l(fabs.o)
    0x080110c4   0x080110c4   0x00000008   Code   RO         9393    i.getCharBufferIndex  mqueue.o
    0x080110cc   0x080110cc   0x0000002c   Code   RO         9774    i.getCurrentSampleSlot  cowlar_app_v8.o
    0x080110f8   0x080110f8   0x00000224   Code   RO         5937    i.hard_fault_handler_c  stm32l4xx_it.o
    0x0801131c   0x0801131c   0x00000010   Code   RO         1083    i.inHandlerMode     cmsis_os.o
    0x0801132c   0x0801132c   0x00000010   Code   RO         9394    i.incrementCount    mqueue.o
    0x0801133c   0x0801133c   0x00000010   Code   RO         9395    i.incrementQueueIndex  mqueue.o
    0x0801134c   0x0801134c   0x00000084   Code   RO         9775    i.initializeAllSensors  cowlar_app_v8.o
    0x080113d0   0x080113d0   0x00000038   Code   RO         9017    i.mFile_Flash_computeCRC  mfile.o
    0x08011408   0x08011408   0x00000028   Code   RO         9018    i.mFile_Flash_erase  mfile.o
    0x08011430   0x08011430   0x0000001e   Code   RO         9019    i.mFile_Flash_read  mfile.o
    0x0801144e   0x0801144e   0x00000036   Code   RO         9020    i.mFile_Flash_write  mfile.o
    0x08011484   0x08011484   0x00000044   Code   RO         9115    i.mIWDG_init        miwdg.o
    0x080114c8   0x080114c8   0x00000018   Code   RO         9541    i.mQueue_List_AddQueue  mqueue_list.o
    0x080114e0   0x080114e0   0x00000022   Code   RO         9543    i.mQueue_List_get_elementCount  mqueue_list.o
    0x08011502   0x08011502   0x00000076   Code   RO         9545    i.mQueue_List_push  mqueue_list.o
    0x08011578   0x08011578   0x00000006   Code   RO         9471    i.mQueue_get_Count  mqueue.o
    0x0801157e   0x0801157e   0x00000006   Code   RO         9466    i.mQueue_get_Size   mqueue.o
    0x08011584   0x08011584   0x0000000e   Code   RO         9396    i.mQueue_init       mqueue.o
    0x08011592   0x08011592   0x0000009c   Code   RO         9397    i.mQueue_peekAt_Multiple  mqueue.o
    0x0801162e   0x0801162e   0x00000044   Code   RO         9400    i.mQueue_popMultiple  mqueue.o
    0x08011672   0x08011672   0x00000012   Code   RO         9476    i.mQueue_push       mqueue.o
    0x08011684   0x08011684   0x00000096   Code   RO         9402    i.mQueue_push_Multiple  mqueue.o
    0x0801171a   0x0801171a   0x00000002   PAD
    0x0801171c   0x0801171c   0x000000b8   Code   RO         5283    i.main              main.o
    0x080117d4   0x080117d4   0x0000000e   Code   RO         1085    i.makeFreeRtosPriority  cmsis_os.o
    0x080117e2   0x080117e2   0x0000000e   Code   RO         9546    i.max_ui32          mqueue_list.o
    0x080117f0   0x080117f0   0x0000000e   Code   RO         9547    i.min_ui32          mqueue_list.o
    0x080117fe   0x080117fe   0x00000002   PAD
    0x08011800   0x08011800   0x000000ac   Code   RO         9548    i.move_Data_To_Next_Queue  mqueue_list.o
    0x080118ac   0x080118ac   0x00000018   Code   RO         1087    i.osDelay           cmsis_os.o
    0x080118c4   0x080118c4   0x0000000a   Code   RO         1090    i.osKernelStart     cmsis_os.o
    0x080118ce   0x080118ce   0x00000014   Code   RO         1091    i.osKernelSysTick   cmsis_os.o
    0x080118e2   0x080118e2   0x0000000c   Code   RO         1105    i.osMutexCreate     cmsis_os.o
    0x080118ee   0x080118ee   0x00000002   PAD
    0x080118f0   0x080118f0   0x00000050   Code   RO         1107    i.osMutexRelease    cmsis_os.o
    0x08011940   0x08011940   0x0000006c   Code   RO         1108    i.osMutexWait       cmsis_os.o
    0x080119ac   0x080119ac   0x00000010   Code   RO         1123    i.osSystickHandler  cmsis_os.o
    0x080119bc   0x080119bc   0x00000030   Code   RO         1124    i.osThreadCreate    cmsis_os.o
    0x080119ec   0x080119ec   0x00000030   Code   RO          712    i.pcTaskGetName     tasks.o
    0x08011a1c   0x08011a1c   0x0000004c   Code   RO         9712    i.printDEBUG_function  debug_uart.o
    0x08011a68   0x08011a68   0x00000008   Code   RO         9713    i.printDEBUG_int    debug_uart.o
    0x08011a70   0x08011a70   0x00000098   Code   RO          713    i.prvAddCurrentTaskToDelayedList  tasks.o
    0x08011b08   0x08011b08   0x000000e8   Code   RO          714    i.prvAddNewTaskToReadyList  tasks.o
    0x08011bf0   0x08011bf0   0x00000064   Code   RO          715    i.prvCheckTasksWaitingTermination  tasks.o
    0x08011c54   0x08011c54   0x0000002a   Code   RO          523    i.prvCopyDataFromQueue  queue.o
    0x08011c7e   0x08011c7e   0x0000007c   Code   RO          524    i.prvCopyDataToQueue  queue.o
    0x08011cfa   0x08011cfa   0x00000012   Code   RO          716    i.prvDeleteTCB      tasks.o
    0x08011d0c   0x08011d0c   0x0000004c   Code   RO          717    i.prvGetExpectedIdleTime  tasks.o
    0x08011d58   0x08011d58   0x0000007c   Code   RO            4    i.prvHeapInit       heap_4.o
    0x08011dd4   0x08011dd4   0x00000074   Code   RO          718    i.prvIdleTask       tasks.o
    0x08011e48   0x08011e48   0x0000001c   Code   RO          525    i.prvInitialiseMutex  queue.o
    0x08011e64   0x08011e64   0x0000002a   Code   RO          526    i.prvInitialiseNewQueue  queue.o
    0x08011e8e   0x08011e8e   0x000000ba   Code   RO          719    i.prvInitialiseNewTask  tasks.o
    0x08011f48   0x08011f48   0x00000068   Code   RO          720    i.prvInitialiseTaskLists  tasks.o
    0x08011fb0   0x08011fb0   0x00000068   Code   RO            5    i.prvInsertBlockIntoFreeList  heap_4.o
    0x08012018   0x08012018   0x0000001a   Code   RO          527    i.prvIsQueueEmpty   queue.o
    0x08012032   0x08012032   0x0000001e   Code   RO          528    i.prvIsQueueFull    queue.o
    0x08012050   0x08012050   0x00000034   Code   RO          722    i.prvResetNextTaskUnblockTime  tasks.o
    0x08012084   0x08012084   0x00000040   Code   RO          236    i.prvTaskExitError  port.o
    0x080120c4   0x080120c4   0x0000007e   Code   RO          529    i.prvUnlockQueue    queue.o
    0x08012142   0x08012142   0x00000002   PAD
    0x08012144   0x08012144   0x0000013c   Code   RO            6    i.pvPortMalloc      heap_4.o
    0x08012280   0x08012280   0x00000020   Code   RO          725    i.pvTaskIncrementMutexHeldCount  tasks.o
    0x080122a0   0x080122a0   0x0000002c   Code   RO          237    i.pxPortInitialiseStack  port.o
    0x080122cc   0x080122cc   0x0000006e   Code   RO        12429    i.sqrt              m_wm.l(sqrt.o)
    0x0801233a   0x0801233a   0x00000002   PAD
    0x0801233c   0x0801233c   0x000003ec   Code   RO         5284    i.thread_Default    main.o
    0x08012728   0x08012728   0x000000d8   Code   RO        10521    i.thread_MAC_UnitTest  mac_application.o
    0x08012800   0x08012800   0x000000c4   Code   RO         9776    i.thread_MPU        cowlar_app_v8.o
    0x080128c4   0x080128c4   0x0000017c   Code   RO         9777    i.thread_battery    cowlar_app_v8.o
    0x08012a40   0x08012a40   0x00000058   Code   RO         5285    i.thread_iwdg       main.o
    0x08012a98   0x08012a98   0x00000074   Code   RO          726    i.ulTaskNotifyTake  tasks.o
    0x08012b0c   0x08012b0c   0x00000028   Code   RO          474    i.uxListRemove      list.o
    0x08012b34   0x08012b34   0x00000044   Code   RO         5659    i.vApplicationStackOverflowHook  freertos.o
    0x08012b78   0x08012b78   0x0000001a   Code   RO          475    i.vListInitialise   list.o
    0x08012b92   0x08012b92   0x00000006   Code   RO          476    i.vListInitialiseItem  list.o
    0x08012b98   0x08012b98   0x00000034   Code   RO          477    i.vListInsert       list.o
    0x08012bcc   0x08012bcc   0x00000018   Code   RO          478    i.vListInsertEnd    list.o
    0x08012be4   0x08012be4   0x00000054   Code   RO          239    i.vPortEnterCritical  port.o
    0x08012c38   0x08012c38   0x0000003c   Code   RO          240    i.vPortExitCritical  port.o
    0x08012c74   0x08012c74   0x00000094   Code   RO            7    i.vPortFree         heap_4.o
    0x08012d08   0x08012d08   0x0000005c   Code   RO          241    i.vPortSetupTimerInterrupt  port.o
    0x08012d64   0x08012d64   0x000000b4   Code   RO         5286    i.vPortSuppressTicksAndSleep  main.o
    0x08012e18   0x08012e18   0x00000078   Code   RO          243    i.vPortValidateInterruptPriority  port.o
    0x08012e90   0x08012e90   0x00000070   Code   RO          733    i.vTaskDelay        tasks.o
    0x08012f00   0x08012f00   0x0000000c   Code   RO          737    i.vTaskMissedYield  tasks.o
    0x08012f0c   0x08012f0c   0x000000f0   Code   RO          738    i.vTaskNotifyGiveFromISR  tasks.o
    0x08012ffc   0x08012ffc   0x00000038   Code   RO          739    i.vTaskPlaceOnEventList  tasks.o
    0x08013034   0x08013034   0x000000b0   Code   RO          741    i.vTaskPriorityInherit  tasks.o
    0x080130e4   0x080130e4   0x00000030   Code   RO          745    i.vTaskSetTimeOutState  tasks.o
    0x08013114   0x08013114   0x00000088   Code   RO          746    i.vTaskStartScheduler  tasks.o
    0x0801319c   0x0801319c   0x00000040   Code   RO          747    i.vTaskStepTick     tasks.o
    0x080131dc   0x080131dc   0x00000010   Code   RO          749    i.vTaskSuspendAll   tasks.o
    0x080131ec   0x080131ec   0x00000114   Code   RO          750    i.vTaskSwitchContext  tasks.o
    0x08013300   0x08013300   0x0000013c   Code   RO          244    i.xPortStartScheduler  port.o
    0x0801343c   0x0801343c   0x00000034   Code   RO          245    i.xPortSysTickHandler  port.o
    0x08013470   0x08013470   0x00000022   Code   RO          539    i.xQueueCreateMutex  queue.o
    0x08013492   0x08013492   0x00000058   Code   RO          540    i.xQueueGenericCreate  queue.o
    0x080134ea   0x080134ea   0x00000002   PAD
    0x080134ec   0x080134ec   0x0000019c   Code   RO          541    i.xQueueGenericReceive  queue.o
    0x08013688   0x08013688   0x00000080   Code   RO          542    i.xQueueGenericReset  queue.o
    0x08013708   0x08013708   0x00000184   Code   RO          543    i.xQueueGenericSend  queue.o
    0x0801388c   0x0801388c   0x000000e0   Code   RO          545    i.xQueueGiveFromISR  queue.o
    0x0801396c   0x0801396c   0x000000d0   Code   RO          549    i.xQueueReceiveFromISR  queue.o
    0x08013a3c   0x08013a3c   0x0000008c   Code   RO          751    i.xTaskCheckForTimeOut  tasks.o
    0x08013ac8   0x08013ac8   0x00000066   Code   RO          752    i.xTaskCreate       tasks.o
    0x08013b2e   0x08013b2e   0x00000002   PAD
    0x08013b30   0x08013b30   0x000000ec   Code   RO          753    i.xTaskGenericNotify  tasks.o
    0x08013c1c   0x08013c1c   0x0000000c   Code   RO          755    i.xTaskGetCurrentTaskHandle  tasks.o
    0x08013c28   0x08013c28   0x00000020   Code   RO          756    i.xTaskGetSchedulerState  tasks.o
    0x08013c48   0x08013c48   0x0000000c   Code   RO          757    i.xTaskGetTickCount  tasks.o
    0x08013c54   0x08013c54   0x00000014   Code   RO          758    i.xTaskGetTickCountFromISR  tasks.o
    0x08013c68   0x08013c68   0x0000010c   Code   RO          759    i.xTaskIncrementTick  tasks.o
    0x08013d74   0x08013d74   0x00000034   Code   RO          760    i.xTaskNotifyStateClear  tasks.o
    0x08013da8   0x08013da8   0x000000c8   Code   RO          762    i.xTaskPriorityDisinherit  tasks.o
    0x08013e70   0x08013e70   0x0000009c   Code   RO          763    i.xTaskRemoveFromEventList  tasks.o
    0x08013f0c   0x08013f0c   0x000000f0   Code   RO          765    i.xTaskResumeAll    tasks.o
    0x08013ffc   0x08013ffc   0x00000044   Data   RO         5295    .constdata          main.o
    0x08014040   0x08014040   0x00000058   Data   RO         5661    .constdata          freertos.o
    0x08014098   0x08014098   0x0000002c   Data   RO         9021    .constdata          mfile.o
    0x080140c4   0x080140c4   0x00000014   Data   RO         9404    .constdata          mqueue.o
    0x080140d8   0x080140d8   0x00000048   Data   RO         9887    .constdata          system_stm32l4xx.o
    0x08014120   0x08014120   0x0000013b   Data   RO        10773    .constdata          radio.o
    0x0801425b   0x0801425b   0x00000001   PAD
    0x0801425c   0x0801425c   0x00000054   Data   RO        10990    .constdata          sx126x-board.o
    0x080142b0   0x080142b0   0x00000088   Data   RO        12076    .constdata          m_wm.l(pow.o)
    0x08014338   0x08014338   0x0000000c   Data   RO        12106    .constdata          mc_w.l(localtime_r.o)
    0x08014344   0x08014344   0x0000000c   Data   RO        12109    .constdata          mc_w.l(mktime.o)
    0x08014350   0x08014350   0x00000008   Data   RO        12426    .constdata          m_wm.l(qnan.o)
    0x08014358   0x08014358   0x0000000f   Data   RO         5296    .conststring        main.o
    0x08014367   0x08014367   0x00000001   PAD
    0x08014368   0x08014368   0x0000001e   Data   RO         5662    .conststring        freertos.o
    0x08014386   0x08014386   0x00000002   PAD
    0x08014388   0x08014388   0x00000047   Data   RO         9182    .conststring        mrtc.o
    0x080143cf   0x080143cf   0x00000001   PAD
    0x080143d0   0x080143d0   0x00000098   Data   RO         9780    .conststring        cowlar_app_v8.o
    0x08014468   0x08014468   0x00000020   Data   RO        12493    Region$$Table       anon$$obj.o


    Execution Region RW_IRAM1 (Exec base: 0x20000000, Load base: 0x08014488, Size: 0x0000e0cc, Max: 0x00028000, ABSOLUTE, COMPRESSED[0x00000258])

    Exec Addr    Load Addr    Size         Type   Attr      Idx    E Section Name        Object

    0x20000000   COMPRESSED   0x00000018   Data   RW           12    .data               heap_4.o
    0x20000018   COMPRESSED   0x00000018   Data   RW          246    .data               port.o
    0x20000030   COMPRESSED   0x0000003c   Data   RW          768    .data               tasks.o
    0x2000006c   COMPRESSED   0x00000004   Data   RW         3756    .data               stm32l4xx_hal.o
    0x20000070   COMPRESSED   0x0000003c   Data   RW         5105    .data               device_params.o
    0x200000ac   COMPRESSED   0x00000070   Data   RW         5297    .data               main.o
    0x2000011c   COMPRESSED   0x00000010   Data   RW         5663    .data               freertos.o
    0x2000012c   COMPRESSED   0x00000010   Data   RW         6108    .data               sensortile_accelero.o
    0x2000013c   COMPRESSED   0x00000010   Data   RW         6359    .data               sensortile_gyro.o
    0x2000014c   COMPRESSED   0x00000004   Data   RW         6518    .data               cowlar-node-v8.o
    0x20000150   COMPRESSED   0x000000da   Data   RW         8568    .data               lsm6dsm_acc_gyro_driver_hl.o
    0x2000022a   COMPRESSED   0x00000002   Data   RW         9118    .data               miwdg.o
    0x2000022c   COMPRESSED   0x00000014   Data   RW         9183    .data               mrtc.o
    0x20000240   COMPRESSED   0x00000004   Data   RW         9295    .data               log.o
    0x20000244   COMPRESSED   0x00000004   Data   RW         9612    .data               sensordefs.o
    0x20000248   COMPRESSED   0x0000000c   Data   RW         9716    .data               debug_uart.o
    0x20000254   COMPRESSED   0x00000078   Data   RW         9781    .data               cowlar_app_v8.o
    0x200002cc   COMPRESSED   0x00000004   Data   RW         9888    .data               system_stm32l4xx.o
    0x200002d0   COMPRESSED   0x00000030   Data   RW         9947    .data               lora.o
    0x20000300   COMPRESSED   0x00000009   Data   RW        10145    .data               sx126x.o
    0x20000309   COMPRESSED   0x00000003   PAD
    0x2000030c   COMPRESSED   0x00000055   Data   RW        10418    .data               mac.o
    0x20000361   COMPRESSED   0x00000003   PAD
    0x20000364   COMPRESSED   0x00000040   Data   RW        10525    .data               mac_application.o
    0x200003a4   COMPRESSED   0x00000004   PAD
    0x200003a8   COMPRESSED   0x000000a4   Data   RW        10774    .data               radio.o
    0x2000044c   COMPRESSED   0x00000010   Data   RW        10991    .data               sx126x-board.o
    0x2000045c   COMPRESSED   0x00000005   Data   RW        11385    .data               nfc04a1_nfctag.o
    0x20000461   COMPRESSED   0x00000003   PAD
    0x20000464   COMPRESSED   0x00000010   Data   RW        11479    .data               nfc_application.o
    0x20000474   COMPRESSED   0x00000139   Data   RW        11617    .data               st25dv.o
    0x200005ad   COMPRESSED   0x00000003   PAD
    0x200005b0   COMPRESSED   0x00000004   Data   RW        12022    .data               tagtype5.o
    0x200005b4   COMPRESSED   0x00000004   Data   RW        12470    .data               mc_w.l(errno.o)
    0x200005b8        -       0x000000f0   Zero   RW          767    .bss                tasks.o
    0x200006a8        -       0x00000020   Zero   RW         4226    .bss                stm32l4xx_hal_flash.o
    0x200006c8        -       0x0000006c   Zero   RW         5544    .bss                adc.o
    0x20000734        -       0x00000024   Zero   RW         5591    .bss                crc.o
    0x20000758        -       0x000000f0   Zero   RW         5660    .bss                freertos.o
    0x20000848        -       0x0000004c   Zero   RW         5719    .bss                i2c.o
    0x20000894        -       0x00000010   Zero   RW         5759    .bss                iwdg.o
    0x200008a4        -       0x00000078   Zero   RW         5791    .bss                usart.o
    0x2000091c        -       0x00000024   Zero   RW         5833    .bss                rtc.o
    0x20000940        -       0x000001e8   Zero   RW         5877    .bss                spi.o
    0x20000b28        -       0x00000014   Zero   RW         6106    .bss                sensortile_accelero.o
    0x20000b3c        -       0x00000014   Zero   RW         6358    .bss                sensortile_gyro.o
    0x20000b50        -       0x000000b4   Zero   RW         9116    .bss                miwdg.o
    0x20000c04        -       0x0000003c   Zero   RW         9180    .bss                mrtc.o
    0x20000c40        -       0x00000014   Zero   RW         9293    .bss                log.o
    0x20000c54        -       0x00000100   Zero   RW         9549    .bss                mqueue_list.o
    0x20000d54        -       0x000002fe   Zero   RW         9714    .bss                debug_uart.o
    0x20001052   COMPRESSED   0x00000002   PAD
    0x20001054        -       0x00000150   Zero   RW         9945    .bss                lora.o
    0x200011a4        -       0x00000128   Zero   RW        10416    .bss                mac.o
    0x200012cc        -       0x00000188   Zero   RW        10772    .bss                radio.o
    0x20001454        -       0x00000018   Zero   RW        11477    .bss                nfc_application.o
    0x2000146c        -       0x00000010   Zero   RW        12021    .bss                tagtype5.o
    0x2000147c   COMPRESSED   0x00000004   PAD
    0x20001480        -       0x00000400   Zero   RW         5084    STACK               startup_stm32l452xx.o
    0x20001880   COMPRESSED   0x00000780   PAD
    0x20002000        -       0x00000800   Zero   RW         5293    .ARM.__AT_0x20002000  main.o
    0x20002800        -       0x000032c8   Zero   RW           11    .bss                heap_4.o
    0x20005ac8        -       0x000020d0   Zero   RW         5294    .bss                main.o
    0x20007b98        -       0x00006534   Zero   RW         9778    .bss                cowlar_app_v8.o



  Load Region LR$$.ARM.__AT_0x08030000 (Base: 0x08030000, Size: 0x00000018, Max: 0x00000018, ABSOLUTE)

    Execution Region ER$$.ARM.__AT_0x08030000 (Exec base: 0x08030000, Load base: 0x08030000, Size: 0x00000018, Max: 0x00000018, ABSOLUTE, UNINIT)

    Exec Addr    Load Addr    Size         Type   Attr      Idx    E Section Name        Object

    0x08030000   0x08030000   0x00000018   Data   RO         5102    .ARM.__AT_0x08030000  device_params.o



  Load Region LR$$.ARM.__AT_0x08030800 (Base: 0x08030800, Size: 0x00000018, Max: 0x00000018, ABSOLUTE)

    Execution Region ER$$.ARM.__AT_0x08030800 (Exec base: 0x08030800, Load base: 0x08030800, Size: 0x00000018, Max: 0x00000018, ABSOLUTE, UNINIT)

    Exec Addr    Load Addr    Size         Type   Attr      Idx    E Section Name        Object

    0x08030800   0x08030800   0x00000018   Data   RO         5103    .ARM.__AT_0x08030800  device_params.o


==============================================================================

Image component sizes


      Code (inc. data)   RO Data    RW Data    ZI Data      Debug   Object Name

       568         78          0          0        108       3616   adc.o
       348          8          0          0          0      23663   cmsis_os.o
       658         38          0          4          0       9282   cowlar-node-v8.o
      4174        756        152        120      25908      26628   cowlar_app_v8.o
       120         34          0          0         36       1703   crc.o
        84          0          0          0          0       1219   crc32.o
         0          0          0          0          0       8200   croutine.o
        84         12          0         12        766       2751   debug_uart.o
       388         44         48         60          0      17690   device_params.o
       100          4          0          0          0        862   dma.o
         0          0          0          0          0      10708   event_groups.o
       164         62        118         16        240       2669   freertos.o
       440         26          0          0          0       1199   gpio.o
       692         62          0         24      13000     776251   heap_4.o
       212         42          0          0         76       1805   i2c.o
        64         26          0          0         16        771   iwdg.o
       148          0          0          0          0       3870   list.o
       108         16          0          4         20       5510   log.o
       720        212          0         48        336      18915   lora.o
      4854          0          0          0          0      69939   lsm6dsm_acc_gyro_driver.o
       288          0          0          0          0       3233   lsm6dsm_acc_gyro_driver_fifo.o
      5650        372          0        218          0      60050   lsm6dsm_acc_gyro_driver_hl.o
        32          6          0         85        296       7186   mac.o
       216         38          0         64          0       8090   mac_application.o
      2362        540        128        112      10448      83671   main.o
       180         10         44          0          0       4750   mfile.o
       478         10          0          0          0       2953   mflash.o
       290         36          0          2        180       3767   miwdg.o
       504          0         20          0          0      12067   mqueue.o
       376          4          0          0        256       4967   mqueue_list.o
       734         32         71         20         60       6301   mrtc.o
       840         54          0          0          0      17186   nfc04a1.o
       340        132          0          5          0       2151   nfc04a1_nfctag.o
       994        294          0         16         24       5980   nfc_application.o
      1050        102          0         24          0      13113   port.o
      1900         10          0          0          0      18577   queue.o
      3050        228        315        164        392      25598   radio.o
       256         40          0          0         36       1827   rtc.o
        36          4          0          4          0       4298   sensordefs.o
       838        128          0         16         20      14955   sensortile_accelero.o
       316         20          0         16         20       3294   sensortile_gyro.o
       628        102          0          0        488       2818   spi.o
      3872          0          0        313          0      71912   st25dv.o
        60         10        404          0       1024        860   startup_stm32l452xx.o
       196         26          0          4          0       6241   stm32l4xx_hal.o
      3582        122          0          0          0      67698   stm32l4xx_hal_adc.o
       172          0          0          0          0       1762   stm32l4xx_hal_adc_ex.o
       412         30          0          0          0      32600   stm32l4xx_hal_cortex.o
       608          4          0          0          0       4728   stm32l4xx_hal_crc.o
       100          0          0          0          0       1343   stm32l4xx_hal_crc_ex.o
       778          8          0          0          0       4586   stm32l4xx_hal_dma.o
       912         48          0          0         32       5978   stm32l4xx_hal_flash.o
       484         24          0          0          0       3403   stm32l4xx_hal_flash_ex.o
       798         58          0          0          0       4812   stm32l4xx_hal_gpio.o
      2766         48          0          0          0      15958   stm32l4xx_hal_i2c.o
       264         10          0          0          0       2822   stm32l4xx_hal_i2c_ex.o
       112          0          0          0          0       1911   stm32l4xx_hal_iwdg.o
       148          4          0          0          0       1014   stm32l4xx_hal_msp.o
        20          6          0          0          0        595   stm32l4xx_hal_pwr.o
       220         28          0          0          0       2117   stm32l4xx_hal_pwr_ex.o
      2664         98          0          0          0       7516   stm32l4xx_hal_rcc.o
      1440         28          0          0          0       3132   stm32l4xx_hal_rcc_ex.o
      1922         34          0          0          0      10412   stm32l4xx_hal_rtc.o
       214          0          0          0          0       4118   stm32l4xx_hal_rtc_ex.o
      3454         34          0          0          0      18605   stm32l4xx_hal_spi.o
      2400         48          0          0          0      10626   stm32l4xx_hal_uart.o
         2          0          0          0          0       1056   stm32l4xx_hal_uart_ex.o
       714        312          0          0          0       8757   stm32l4xx_it.o
      1036        104         84         16          0      24242   sx126x-board.o
      2484        270          0          9          0      35523   sx126x.o
        80         12         72          4          0       1369   system_stm32l4xx.o
       856         92          0          4         16       5742   tagtype5.o
      3898        500          0         60        240      33405   tasks.o
       188         38          0          0        120       1833   usart.o

    ----------------------------------------------------------------------
     72244       5578       1496       1460      56084    1690759   Object Totals
         0          0         32          0          0          0   (incl. Generated)
       104          0          8         16       1926          0   (incl. Padding)

    ----------------------------------------------------------------------

      Code (inc. data)   RO Data    RW Data    ZI Data      Debug   Library Member Name

       280         28          0          0          0        156   ceil.o
       164         44          0          0          0        620   dunder.o
        24          0          0          0          0        124   fabs.o
       280         28          0          0          0        156   floor.o
        48          0          0          0          0        124   fpclassify.o
       248          0          0          0          0        152   poly.o
      3200        296        136          0          0        352   pow.o
         0          0          8          0          0          0   qnan.o
        16          0          0          0          0        124   rint.o
       110          0          0          0          0        148   sqrt.o
        86          0          0          0          0          0   __dczerorl2.o
         0          0          0          0          0          0   entry.o
         0          0          0          0          0          0   entry10a.o
         0          0          0          0          0          0   entry11a.o
         8          4          0          0          0          0   entry2.o
         4          0          0          0          0          0   entry5.o
         0          0          0          0          0          0   entry7b.o
         0          0          0          0          0          0   entry8b.o
         8          4          0          0          0          0   entry9a.o
        12          6          0          4          0         68   errno.o
        30          0          0          0          0          0   handlers.o
        36          8          0          0          0         68   init.o
         0          0          0          0          0          0   iusefp.o
        30          0          0          0          0         68   llshl.o
        36          0          0          0          0         68   llsshr.o
        32          0          0          0          0         68   llushr.o
       140          6         12          0          0         76   localtime_r.o
        26          0          0          0          0         80   memcmp.o
        36          0          0          0          0         68   memcpya.o
        36          0          0          0          0        108   memseta.o
       168         18         12          0          0         80   mktime.o
      2354         90          0          0          0        668   printfa.o
        14          0          0          0          0         68   strlen.o
        44          0          0          0          0         80   uidiv.o
       104          0          0          0          0         92   uldiv.o
        48          0          0          0          0         68   cdcmple.o
        48          0          0          0          0         68   cdrcmple.o
       350          0          0          0          0        148   dadd.o
       222          0          0          0          0        100   ddiv.o
       186          0          0          0          0        176   depilogue.o
        50          0          0          0          0         76   dfixui.o
        48          0          0          0          0         68   dfixul.o
        34          0          0          0          0         76   dflti.o
        26          0          0          0          0         76   dfltui.o
       234          0          0          0          0         96   dmul.o
       136          4          0          0          0         92   drnd.o
        46          0          0          0          0         80   dscalb.o
       162          0          0          0          0        100   dsqrt.o
        38          0          0          0          0         68   f2d.o

    ----------------------------------------------------------------------
      9220        536        168          4          0       4908   Library Totals
        18          0          0          0          0          0   (incl. Padding)

    ----------------------------------------------------------------------

      Code (inc. data)   RO Data    RW Data    ZI Data      Debug   Library Name

      4370        396        144          0          0       1956   m_wm.l
      3204        136         24          4          0       1660   mc_w.l
      1628          4          0          0          0       1292   mf_w.l

    ----------------------------------------------------------------------
      9220        536        168          4          0       4908   Library Totals

    ----------------------------------------------------------------------

==============================================================================


      Code (inc. data)   RO Data    RW Data    ZI Data      Debug   

     81464       6114       1664       1464      56084    1621439   Grand Totals
     81464       6114       1664        600      56084    1621439   ELF Image Totals (compressed)
     81464       6114       1664        600          0          0   ROM Totals

==============================================================================

    Total RO  Size (Code + RO Data)                83128 (  81.18kB)
    Total RW  Size (RW Data + ZI Data)             57548 (  56.20kB)
    Total ROM Size (Code + RO Data + RW Data)      83728 (  81.77kB)

==============================================================================

